BL51 BANKED LINKER/LOCATER V6.05                                                        07/28/2020  10:41:13  PAGE 1


BL51 BANKED LINKER/LOCATER V6.05, INVOKED BY:
C:\KEIL\C51\BIN\BL51.EXE FW.obj, DSCR.obj, slave.obj, .\EZUSB.LIB, .\USBJmpTb.OBJ TO slave RAMSIZE (256) CODE (0X0300) X
>> DATA (0X1A00)


MEMORY MODEL: SMALL


INPUT MODULES INCLUDED:
  FW.obj (FW)
  DSCR.obj (DSCR)
  slave.obj (SLAVE)
  .\EZUSB.LIB (RESUME)
  .\EZUSB.LIB (DISCON)
  .\EZUSB.LIB (EZREGS)
  .\EZUSB.LIB (GET_STRD)
  .\EZUSB.LIB (SUSP)
  .\EZUSB.LIB (DELAY)
  .\EZUSB.LIB (DELAY1MS)
  .\USBJmpTb.OBJ (USBJMPTBL)
  C:\KEIL\C51\LIB\C51S.LIB (?C_STARTUP)
  C:\KEIL\C51\LIB\C51S.LIB (?C?ULCMP)
  C:\KEIL\C51\LIB\C51S.LIB (?C?ULSHR)
  C:\KEIL\C51\LIB\C51S.LIB (?C_INIT)


LINK MAP OF MODULE:  slave (FW)


            TYPE    BASE      LENGTH    RELOCATION   SEGMENT NAME
            -----------------------------------------------------

            * * * * * * *   D A T A   M E M O R Y   * * * * * * *
            REG     0000H     0008H     ABSOLUTE     "REG BANK 0"
            DATA    0008H     0016H     UNIT         ?DT?FW
                    001EH     0002H                  *** GAP ***
            BIT     0020H.0   0000H.4   UNIT         ?BI?FW
            BIT     0020H.4   0000H.2   UNIT         ?BI?SLAVE
            BIT     0020H.6   0000H.1   UNIT         _BIT_GROUP_
                    0020H.7   0000H.1                *** GAP ***
            DATA    0021H     0016H     UNIT         _DATA_GROUP_
            DATA    0037H     000DH     UNIT         ?DT?SLAVE
            IDATA   0044H     0001H     UNIT         ?STACK

            * * * * * * *  X D A T A   M E M O R Y  * * * * * * *
                    0000H     1A00H                  *** GAP ***
            XDATA   1A00H     0022H     UNIT         ?XD?FW
            XDATA   1A22H     0005H     UNIT         ?XD?SLAVE
                    1A27H     65D9H                  *** GAP ***
            XDATA   8000H     0001H     ABSOLUTE     
                    8001H     00FFH                  *** GAP ***
            XDATA   8100H     0001H     ABSOLUTE     
                    8101H     0EFFH                  *** GAP ***
            XDATA   9000H     0001H     ABSOLUTE     
                    9001H     00FFH                  *** GAP ***
            XDATA   9100H     0001H     ABSOLUTE     
                    9101H     0EFFH                  *** GAP ***
            XDATA   A000H     0001H     ABSOLUTE     
BL51 BANKED LINKER/LOCATER V6.05                                                      07/28/2020  10:41:13  PAGE 2


                    A001H     00FFH                  *** GAP ***
            XDATA   A100H     0001H     ABSOLUTE     
                    A101H     0EFFH                  *** GAP ***
            XDATA   B000H     0001H     ABSOLUTE     
                    B001H     00FFH                  *** GAP ***
            XDATA   B100H     0001H     ABSOLUTE     
                    B101H     32FFH                  *** GAP ***
            XDATA   E400H     0001H     ABSOLUTE     
                    E401H     007FH                  *** GAP ***
            XDATA   E480H     0001H     ABSOLUTE     
                    E481H     0088H                  *** GAP ***
            XDATA   E509H     0001H     ABSOLUTE     
                    E50AH     00F6H                  *** GAP ***
            XDATA   E600H     0001H     ABSOLUTE     
            XDATA   E601H     0001H     ABSOLUTE     
            XDATA   E602H     0001H     ABSOLUTE     
            XDATA   E603H     0001H     ABSOLUTE     
            XDATA   E604H     0001H     ABSOLUTE     
            XDATA   E605H     0001H     ABSOLUTE     
            XDATA   E606H     0001H     ABSOLUTE     
            XDATA   E607H     0001H     ABSOLUTE     
            XDATA   E608H     0001H     ABSOLUTE     
            XDATA   E609H     0001H     ABSOLUTE     
            XDATA   E60AH     0001H     ABSOLUTE     
            XDATA   E60BH     0001H     ABSOLUTE     
            XDATA   E60CH     0001H     ABSOLUTE     
                    E60DH     0003H                  *** GAP ***
            XDATA   E610H     0001H     ABSOLUTE     
            XDATA   E611H     0001H     ABSOLUTE     
            XDATA   E612H     0001H     ABSOLUTE     
            XDATA   E613H     0001H     ABSOLUTE     
            XDATA   E614H     0001H     ABSOLUTE     
            XDATA   E615H     0001H     ABSOLUTE     
                    E616H     0002H                  *** GAP ***
            XDATA   E618H     0001H     ABSOLUTE     
            XDATA   E619H     0001H     ABSOLUTE     
            XDATA   E61AH     0001H     ABSOLUTE     
            XDATA   E61BH     0001H     ABSOLUTE     
                    E61CH     0004H                  *** GAP ***
            XDATA   E620H     0001H     ABSOLUTE     
            XDATA   E621H     0001H     ABSOLUTE     
            XDATA   E622H     0001H     ABSOLUTE     
            XDATA   E623H     0001H     ABSOLUTE     
            XDATA   E624H     0001H     ABSOLUTE     
            XDATA   E625H     0001H     ABSOLUTE     
            XDATA   E626H     0001H     ABSOLUTE     
            XDATA   E627H     0001H     ABSOLUTE     
            XDATA   E628H     0001H     ABSOLUTE     
            XDATA   E629H     0001H     ABSOLUTE     
            XDATA   E62AH     0001H     ABSOLUTE     
            XDATA   E62BH     0001H     ABSOLUTE     
            XDATA   E62CH     0001H     ABSOLUTE     
            XDATA   E62DH     0001H     ABSOLUTE     
            XDATA   E62EH     0001H     ABSOLUTE     
            XDATA   E62FH     0001H     ABSOLUTE     
            XDATA   E630H     0001H     ABSOLUTE     
            XDATA   E631H     0001H     ABSOLUTE     
BL51 BANKED LINKER/LOCATER V6.05                                                      07/28/2020  10:41:13  PAGE 3


            XDATA   E632H     0001H     ABSOLUTE     
            XDATA   E633H     0001H     ABSOLUTE     
            XDATA   E634H     0001H     ABSOLUTE     
            XDATA   E635H     0001H     ABSOLUTE     
            XDATA   E636H     0001H     ABSOLUTE     
            XDATA   E637H     0001H     ABSOLUTE     
                    E638H     0008H                  *** GAP ***
            XDATA   E640H     0001H     ABSOLUTE     
            XDATA   E641H     0001H     ABSOLUTE     
            XDATA   E642H     0001H     ABSOLUTE     
            XDATA   E643H     0001H     ABSOLUTE     
                    E644H     0004H                  *** GAP ***
            XDATA   E648H     0001H     ABSOLUTE     
            XDATA   E649H     0001H     ABSOLUTE     
                    E64AH     0006H                  *** GAP ***
            XDATA   E650H     0001H     ABSOLUTE     
            XDATA   E651H     0001H     ABSOLUTE     
            XDATA   E652H     0001H     ABSOLUTE     
            XDATA   E653H     0001H     ABSOLUTE     
            XDATA   E654H     0001H     ABSOLUTE     
            XDATA   E655H     0001H     ABSOLUTE     
            XDATA   E656H     0001H     ABSOLUTE     
            XDATA   E657H     0001H     ABSOLUTE     
            XDATA   E658H     0001H     ABSOLUTE     
            XDATA   E659H     0001H     ABSOLUTE     
            XDATA   E65AH     0001H     ABSOLUTE     
            XDATA   E65BH     0001H     ABSOLUTE     
            XDATA   E65CH     0001H     ABSOLUTE     
            XDATA   E65DH     0001H     ABSOLUTE     
            XDATA   E65EH     0001H     ABSOLUTE     
            XDATA   E65FH     0001H     ABSOLUTE     
            XDATA   E660H     0001H     ABSOLUTE     
            XDATA   E661H     0001H     ABSOLUTE     
            XDATA   E662H     0001H     ABSOLUTE     
            XDATA   E663H     0001H     ABSOLUTE     
            XDATA   E664H     0001H     ABSOLUTE     
            XDATA   E665H     0001H     ABSOLUTE     
            XDATA   E666H     0001H     ABSOLUTE     
            XDATA   E667H     0001H     ABSOLUTE     
            XDATA   E668H     0001H     ABSOLUTE     
                    E669H     0007H                  *** GAP ***
            XDATA   E670H     0001H     ABSOLUTE     
            XDATA   E671H     0001H     ABSOLUTE     
            XDATA   E672H     0001H     ABSOLUTE     
                    E673H     0005H                  *** GAP ***
            XDATA   E678H     0001H     ABSOLUTE     
            XDATA   E679H     0001H     ABSOLUTE     
            XDATA   E67AH     0001H     ABSOLUTE     
            XDATA   E67BH     0001H     ABSOLUTE     
            XDATA   E67CH     0001H     ABSOLUTE     
            XDATA   E67DH     0001H     ABSOLUTE     
            XDATA   E67EH     0001H     ABSOLUTE     
            XDATA   E67FH     0001H     ABSOLUTE     
            XDATA   E680H     0001H     ABSOLUTE     
            XDATA   E681H     0001H     ABSOLUTE     
            XDATA   E682H     0001H     ABSOLUTE     
            XDATA   E683H     0001H     ABSOLUTE     
BL51 BANKED LINKER/LOCATER V6.05                                                      07/28/2020  10:41:13  PAGE 4


            XDATA   E684H     0001H     ABSOLUTE     
            XDATA   E685H     0001H     ABSOLUTE     
            XDATA   E686H     0001H     ABSOLUTE     
            XDATA   E687H     0001H     ABSOLUTE     
                    E688H     0002H                  *** GAP ***
            XDATA   E68AH     0001H     ABSOLUTE     
            XDATA   E68BH     0001H     ABSOLUTE     
                    E68CH     0001H                  *** GAP ***
            XDATA   E68DH     0001H     ABSOLUTE     
                    E68EH     0001H                  *** GAP ***
            XDATA   E68FH     0001H     ABSOLUTE     
            XDATA   E690H     0001H     ABSOLUTE     
            XDATA   E691H     0001H     ABSOLUTE     
                    E692H     0002H                  *** GAP ***
            XDATA   E694H     0001H     ABSOLUTE     
            XDATA   E695H     0001H     ABSOLUTE     
                    E696H     0002H                  *** GAP ***
            XDATA   E698H     0001H     ABSOLUTE     
            XDATA   E699H     0001H     ABSOLUTE     
                    E69AH     0002H                  *** GAP ***
            XDATA   E69CH     0001H     ABSOLUTE     
            XDATA   E69DH     0001H     ABSOLUTE     
                    E69EH     0002H                  *** GAP ***
            XDATA   E6A0H     0001H     ABSOLUTE     
            XDATA   E6A1H     0001H     ABSOLUTE     
            XDATA   E6A2H     0001H     ABSOLUTE     
            XDATA   E6A3H     0001H     ABSOLUTE     
            XDATA   E6A4H     0001H     ABSOLUTE     
            XDATA   E6A5H     0001H     ABSOLUTE     
            XDATA   E6A6H     0001H     ABSOLUTE     
            XDATA   E6A7H     0001H     ABSOLUTE     
            XDATA   E6A8H     0001H     ABSOLUTE     
            XDATA   E6A9H     0001H     ABSOLUTE     
            XDATA   E6AAH     0001H     ABSOLUTE     
            XDATA   E6ABH     0001H     ABSOLUTE     
            XDATA   E6ACH     0001H     ABSOLUTE     
            XDATA   E6ADH     0001H     ABSOLUTE     
            XDATA   E6AEH     0001H     ABSOLUTE     
            XDATA   E6AFH     0001H     ABSOLUTE     
            XDATA   E6B0H     0001H     ABSOLUTE     
            XDATA   E6B1H     0001H     ABSOLUTE     
            XDATA   E6B2H     0001H     ABSOLUTE     
            XDATA   E6B3H     0001H     ABSOLUTE     
            XDATA   E6B4H     0001H     ABSOLUTE     
            XDATA   E6B5H     0001H     ABSOLUTE     
                    E6B6H     0002H                  *** GAP ***
            XDATA   E6B8H     0008H     ABSOLUTE     
            XDATA   E6C0H     0001H     ABSOLUTE     
            XDATA   E6C1H     0001H     ABSOLUTE     
            XDATA   E6C2H     0001H     ABSOLUTE     
            XDATA   E6C3H     0001H     ABSOLUTE     
            XDATA   E6C4H     0001H     ABSOLUTE     
            XDATA   E6C5H     0001H     ABSOLUTE     
            XDATA   E6C6H     0001H     ABSOLUTE     
            XDATA   E6C7H     0001H     ABSOLUTE     
            XDATA   E6C8H     0001H     ABSOLUTE     
            XDATA   E6C9H     0001H     ABSOLUTE     
BL51 BANKED LINKER/LOCATER V6.05                                                      07/28/2020  10:41:13  PAGE 5


            XDATA   E6CAH     0001H     ABSOLUTE     
            XDATA   E6CBH     0001H     ABSOLUTE     
            XDATA   E6CCH     0001H     ABSOLUTE     
            XDATA   E6CDH     0001H     ABSOLUTE     
            XDATA   E6CEH     0001H     ABSOLUTE     
            XDATA   E6CFH     0001H     ABSOLUTE     
            XDATA   E6D0H     0001H     ABSOLUTE     
            XDATA   E6D1H     0001H     ABSOLUTE     
            XDATA   E6D2H     0001H     ABSOLUTE     
            XDATA   E6D3H     0001H     ABSOLUTE     
            XDATA   E6D4H     0001H     ABSOLUTE     
                    E6D5H     0005H                  *** GAP ***
            XDATA   E6DAH     0001H     ABSOLUTE     
            XDATA   E6DBH     0001H     ABSOLUTE     
            XDATA   E6DCH     0001H     ABSOLUTE     
                    E6DDH     0005H                  *** GAP ***
            XDATA   E6E2H     0001H     ABSOLUTE     
            XDATA   E6E3H     0001H     ABSOLUTE     
            XDATA   E6E4H     0001H     ABSOLUTE     
                    E6E5H     0005H                  *** GAP ***
            XDATA   E6EAH     0001H     ABSOLUTE     
            XDATA   E6EBH     0001H     ABSOLUTE     
            XDATA   E6ECH     0001H     ABSOLUTE     
                    E6EDH     0003H                  *** GAP ***
            XDATA   E6F0H     0001H     ABSOLUTE     
            XDATA   E6F1H     0001H     ABSOLUTE     
            XDATA   E6F2H     0001H     ABSOLUTE     
            XDATA   E6F3H     0001H     ABSOLUTE     
            XDATA   E6F4H     0001H     ABSOLUTE     
            XDATA   E6F5H     0001H     ABSOLUTE     
                    E6F6H     0002H                  *** GAP ***
            XDATA   E6F8H     0001H     ABSOLUTE     
            XDATA   E6F9H     0001H     ABSOLUTE     
            XDATA   E6FAH     0001H     ABSOLUTE     
            XDATA   E6FBH     0001H     ABSOLUTE     
            XDATA   E6FCH     0001H     ABSOLUTE     
            XDATA   E6FDH     0001H     ABSOLUTE     
            XDATA   E6FEH     0001H     ABSOLUTE     
                    E6FFH     0041H                  *** GAP ***
            XDATA   E740H     0040H     ABSOLUTE     
            XDATA   E780H     0040H     ABSOLUTE     
            XDATA   E7C0H     0040H     ABSOLUTE     
                    E800H     0800H                  *** GAP ***
            XDATA   F000H     0400H     ABSOLUTE     
            XDATA   F400H     0400H     ABSOLUTE     
            XDATA   F800H     0400H     ABSOLUTE     
            XDATA   FC00H     0400H     ABSOLUTE     

            * * * * * * *   C O D E   M E M O R Y   * * * * * * *
            CODE    0000H     0003H     ABSOLUTE     
                    0003H     0030H                  *** GAP ***
            CODE    0033H     0003H     ABSOLUTE     
                    0036H     000DH                  *** GAP ***
            CODE    0043H     0003H     ABSOLUTE     
                    0046H     000DH                  *** GAP ***
            CODE    0053H     0003H     ABSOLUTE     
                    0056H     00AAH                  *** GAP ***
BL51 BANKED LINKER/LOCATER V6.05                                                      07/28/2020  10:41:13  PAGE 6


            CODE    0100H     018EH     ABSOLUTE     
                    028EH     0072H                  *** GAP ***
            CODE    0300H     02F2H     UNIT         ?PR?SETUPCOMMAND?FW
            CODE    05F2H     01E2H     UNIT         ?PR?MAIN?FW
            CODE    07D4H     0126H     UNIT         ?PR?TD_POLL?SLAVE
            CODE    08FAH     0004H     UNIT         ?PR?RESUME_ISR?FW
            CODE    08FEH     0002H     UNIT         ?PR?TD_SUSPEND?SLAVE
            CODE    0900H     00B8H     PAGE         ?PR?USB_JUMP_TABLE?USBJT
            CODE    09B8H     00A1H     UNIT         ?PR?TD_INIT?SLAVE
            CODE    0A59H     008CH     UNIT         ?C_C51STARTUP
            CODE    0AE5H     0064H     UNIT         ?PR?HANDLEVIDEOSTREAMRQTS?FW
            CODE    0B49H     004FH     UNIT         ?C_INITSEG
            CODE    0B98H     0047H     UNIT         ?PR?_LED_OFF?SLAVE
            CODE    0BDFH     0047H     UNIT         ?PR?_LED_ON?SLAVE
            CODE    0C26H     0046H     UNIT         ?PR?_EZUSB_DELAY?DELAY
            CODE    0C6CH     003BH     UNIT         ?PR?DR_SETCONFIGURATION?SLAVE
            CODE    0CA7H     0037H     UNIT         ?PR?ISR_URES?SLAVE
            CODE    0CDEH     0037H     UNIT         ?PR?ISR_HIGHSPEED?SLAVE
            CODE    0D15H     0035H     UNIT         ?PR?ISR_SOF?SLAVE
            CODE    0D4AH     002FH     UNIT         ?PR?EZUSB_DISCON?DISCON
            CODE    0D79H     002CH     UNIT         ?PR?EZUSB_RESUME?RESUME
            CODE    0DA5H     002BH     UNIT         ?PR?_EZUSB_GETSTRINGDSCR?GET_STRD
            CODE    0DD0H     0025H     UNIT         EZUSB
            CODE    0DF5H     0024H     UNIT         ?C?LIB_CODE
            CODE    0E19H     0018H     UNIT         ?PR?ISR_SUDAV?SLAVE
            CODE    0E31H     0018H     UNIT         ?PR?ISR_SUSP?SLAVE
            CODE    0E49H     0016H     UNIT         ?PR?ISR_SUTOK?SLAVE
            CODE    0E5FH     0012H     UNIT         ?PR?DR_GETCONFIGURATION?SLAVE
            CODE    0E71H     0012H     UNIT         ?PR?DR_GETINTERFACE?SLAVE
            CODE    0E83H     000AH     UNIT         ?CO?FW
            CODE    0E8DH     0008H     UNIT         ?PR?DR_SETINTERFACE?SLAVE
            CODE    0E95H     0002H     UNIT         ?PR?TD_RESUME?SLAVE
            CODE    0E97H     0002H     UNIT         ?PR?DR_GETDESCRIPTOR?SLAVE
            CODE    0E99H     0002H     UNIT         ?PR?DR_GETSTATUS?SLAVE
            CODE    0E9BH     0002H     UNIT         ?PR?DR_CLEARFEATURE?SLAVE
            CODE    0E9DH     0002H     UNIT         ?PR?DR_SETFEATURE?SLAVE
            CODE    0E9FH     0002H     UNIT         ?PR?DR_VENDORCMND?SLAVE
            CODE    0EA1H     0001H     UNIT         ?PR?ISR_EP0ACK?SLAVE
            CODE    0EA2H     0001H     UNIT         ?PR?ISR_STUB?SLAVE
            CODE    0EA3H     0001H     UNIT         ?PR?ISR_EP0IN?SLAVE
            CODE    0EA4H     0001H     UNIT         ?PR?ISR_EP0OUT?SLAVE
            CODE    0EA5H     0001H     UNIT         ?PR?ISR_EP1IN?SLAVE
            CODE    0EA6H     0001H     UNIT         ?PR?ISR_EP1OUT?SLAVE
            CODE    0EA7H     0001H     UNIT         ?PR?ISR_EP2INOUT?SLAVE
            CODE    0EA8H     0001H     UNIT         ?PR?ISR_EP4INOUT?SLAVE
            CODE    0EA9H     0001H     UNIT         ?PR?ISR_EP6INOUT?SLAVE
            CODE    0EAAH     0001H     UNIT         ?PR?ISR_EP8INOUT?SLAVE
            CODE    0EABH     0001H     UNIT         ?PR?ISR_IBN?SLAVE
            CODE    0EACH     0001H     UNIT         ?PR?ISR_EP0PINGNAK?SLAVE
            CODE    0EADH     0001H     UNIT         ?PR?ISR_EP1PINGNAK?SLAVE
            CODE    0EAEH     0001H     UNIT         ?PR?ISR_EP2PINGNAK?SLAVE
            CODE    0EAFH     0001H     UNIT         ?PR?ISR_EP4PINGNAK?SLAVE
            CODE    0EB0H     0001H     UNIT         ?PR?ISR_EP6PINGNAK?SLAVE
            CODE    0EB1H     0001H     UNIT         ?PR?ISR_EP8PINGNAK?SLAVE
            CODE    0EB2H     0001H     UNIT         ?PR?ISR_ERRORLIMIT?SLAVE
            CODE    0EB3H     0001H     UNIT         ?PR?ISR_EP2PIDERROR?SLAVE
            CODE    0EB4H     0001H     UNIT         ?PR?ISR_EP4PIDERROR?SLAVE
BL51 BANKED LINKER/LOCATER V6.05                                                      07/28/2020  10:41:13  PAGE 7


            CODE    0EB5H     0001H     UNIT         ?PR?ISR_EP6PIDERROR?SLAVE
            CODE    0EB6H     0001H     UNIT         ?PR?ISR_EP8PIDERROR?SLAVE
            CODE    0EB7H     0001H     UNIT         ?PR?ISR_EP2PFLAG?SLAVE
            CODE    0EB8H     0001H     UNIT         ?PR?ISR_EP4PFLAG?SLAVE
            CODE    0EB9H     0001H     UNIT         ?PR?ISR_EP6PFLAG?SLAVE
            CODE    0EBAH     0001H     UNIT         ?PR?ISR_EP8PFLAG?SLAVE
            CODE    0EBBH     0001H     UNIT         ?PR?ISR_EP2EFLAG?SLAVE
            CODE    0EBCH     0001H     UNIT         ?PR?ISR_EP4EFLAG?SLAVE
            CODE    0EBDH     0001H     UNIT         ?PR?ISR_EP6EFLAG?SLAVE
            CODE    0EBEH     0001H     UNIT         ?PR?ISR_EP8EFLAG?SLAVE
            CODE    0EBFH     0001H     UNIT         ?PR?ISR_EP2FFLAG?SLAVE
            CODE    0EC0H     0001H     UNIT         ?PR?ISR_EP4FFLAG?SLAVE
            CODE    0EC1H     0001H     UNIT         ?PR?ISR_EP6FFLAG?SLAVE
            CODE    0EC2H     0001H     UNIT         ?PR?ISR_EP8FFLAG?SLAVE
            CODE    0EC3H     0001H     UNIT         ?PR?ISR_GPIFCOMPLETE?SLAVE
            CODE    0EC4H     0001H     UNIT         ?PR?ISR_GPIFWAVEFORM?SLAVE



OVERLAY MAP OF MODULE:   slave (FW)


SEGMENT                                      BIT_GROUP          DATA_GROUP 
  +--> CALLED SEGMENT                     START    LENGTH     START    LENGTH
-----------------------------------------------------------------------------
?PR?USB_JUMP_TABLE?USBJT                  -----    -----      -----    -----
  +--> ?PR?ISR_SUDAV?SLAVE
  +--> ?PR?ISR_SOF?SLAVE
  +--> ?PR?ISR_SUTOK?SLAVE
  +--> ?PR?ISR_SUSP?SLAVE
  +--> ?PR?ISR_URES?SLAVE
  +--> ?PR?ISR_HIGHSPEED?SLAVE
  +--> ?PR?ISR_EP0ACK?SLAVE
  +--> ?PR?ISR_STUB?SLAVE
  +--> ?PR?ISR_EP0IN?SLAVE
  +--> ?PR?ISR_EP0OUT?SLAVE
  +--> ?PR?ISR_EP1IN?SLAVE
  +--> ?PR?ISR_EP1OUT?SLAVE
  +--> ?PR?ISR_EP2INOUT?SLAVE
  +--> ?PR?ISR_EP4INOUT?SLAVE
  +--> ?PR?ISR_EP6INOUT?SLAVE
  +--> ?PR?ISR_EP8INOUT?SLAVE
  +--> ?PR?ISR_IBN?SLAVE
  +--> ?PR?ISR_EP0PINGNAK?SLAVE
  +--> ?PR?ISR_EP1PINGNAK?SLAVE
  +--> ?PR?ISR_EP2PINGNAK?SLAVE
  +--> ?PR?ISR_EP4PINGNAK?SLAVE
  +--> ?PR?ISR_EP6PINGNAK?SLAVE
  +--> ?PR?ISR_EP8PINGNAK?SLAVE
  +--> ?PR?ISR_ERRORLIMIT?SLAVE
  +--> ?PR?ISR_EP2PIDERROR?SLAVE
  +--> ?PR?ISR_EP4PIDERROR?SLAVE
  +--> ?PR?ISR_EP6PIDERROR?SLAVE
  +--> ?PR?ISR_EP8PIDERROR?SLAVE
  +--> ?PR?ISR_EP2PFLAG?SLAVE
  +--> ?PR?ISR_EP4PFLAG?SLAVE
  +--> ?PR?ISR_EP6PFLAG?SLAVE
BL51 BANKED LINKER/LOCATER V6.05                                                      07/28/2020  10:41:13  PAGE 8


  +--> ?PR?ISR_EP8PFLAG?SLAVE
  +--> ?PR?ISR_EP2EFLAG?SLAVE
  +--> ?PR?ISR_EP4EFLAG?SLAVE
  +--> ?PR?ISR_EP6EFLAG?SLAVE
  +--> ?PR?ISR_EP8EFLAG?SLAVE
  +--> ?PR?ISR_EP2FFLAG?SLAVE
  +--> ?PR?ISR_EP4FFLAG?SLAVE
  +--> ?PR?ISR_EP6FFLAG?SLAVE
  +--> ?PR?ISR_EP8FFLAG?SLAVE
  +--> ?PR?ISR_GPIFCOMPLETE?SLAVE
  +--> ?PR?ISR_GPIFWAVEFORM?SLAVE

*** NEW ROOT ***************************************************

?C_C51STARTUP                             -----    -----      -----    -----
  +--> ?PR?MAIN?FW
  +--> ?C_INITSEG

?PR?MAIN?FW                               -----    -----      0021H    0014H
  +--> ?PR?TD_INIT?SLAVE
  +--> ?PR?EZUSB_DISCON?DISCON
  +--> ?PR?SETUPCOMMAND?FW
  +--> ?PR?TD_SUSPEND?SLAVE
  +--> ?PR?EZUSB_RESUME?RESUME
  +--> ?PR?TD_RESUME?SLAVE
  +--> ?PR?TD_POLL?SLAVE

?PR?EZUSB_DISCON?DISCON                   0020H.6  0000H.1    -----    -----
  +--> ?PR?_EZUSB_DELAY?DELAY

?PR?_EZUSB_DELAY?DELAY                    -----    -----      0035H    0002H

?PR?SETUPCOMMAND?FW                       -----    -----      -----    -----
  +--> ?PR?HANDLEVIDEOSTREAMRQTS?FW
  +--> ?PR?DR_GETDESCRIPTOR?SLAVE
  +--> ?PR?_EZUSB_GETSTRINGDSCR?GET_STRD
  +--> ?PR?DR_GETINTERFACE?SLAVE
  +--> ?PR?DR_SETINTERFACE?SLAVE
  +--> ?PR?DR_SETCONFIGURATION?SLAVE
  +--> ?PR?DR_GETCONFIGURATION?SLAVE
  +--> ?PR?DR_GETSTATUS?SLAVE
  +--> ?CO?FW
  +--> ?PR?DR_CLEARFEATURE?SLAVE
  +--> ?PR?DR_SETFEATURE?SLAVE
  +--> ?PR?DR_VENDORCMND?SLAVE

?PR?EZUSB_RESUME?RESUME                   -----    -----      -----    -----
  +--> ?PR?_EZUSB_DELAY?DELAY

?PR?TD_POLL?SLAVE                         -----    -----      0035H    0002H



SYMBOL TABLE OF MODULE:  slave (FW)

  VALUE           TYPE          NAME
  ----------------------------------
BL51 BANKED LINKER/LOCATER V6.05                                                      07/28/2020  10:41:13  PAGE 9



  -------         MODULE        FW
  C:0000H         SYMBOL        _ICE_DUMMY_
  B:00A8H.7       PUBLIC        EA
  B:0020H.0       PUBLIC        Rwuen
  B:0020H.1       PUBLIC        GotSUD
  D:0008H         PUBLIC        bmReqType
  C:0E83H         PUBLIC        EPCS_Offset_Lookup_Table
  C:05F2H         PUBLIC        main
  B:00E8H.0       PUBLIC        EUSB
  C:08FAH         PUBLIC        resume_isr
  D:0009H         PUBLIC        bRequest
  D:000AH         PUBLIC        pHighSpeedConfigDscr
  D:000CH         PUBLIC        pDeviceDscr
  C:0300H         PUBLIC        SetupCommand
  D:000EH         PUBLIC        pConfigDscr
  D:0010H         PUBLIC        wLength
  D:0012H         PUBLIC        pOtherConfigDscr
  D:0014H         PUBLIC        pFullSpeedConfigDscr
  X:1A00H         PUBLIC        glProbeCtrl
  B:0020H.2       PUBLIC        Selfpwr
  C:0AE5H         PUBLIC        HandleVideoStreamRqts
  D:0016H         PUBLIC        pDeviceQualDscr
  D:00D8H         PUBLIC        EICON
  D:008EH         PUBLIC        CKCON
  D:0018H         PUBLIC        wIndex
  D:001AH         PUBLIC        wValue
  D:001CH         PUBLIC        pStringDscr
  B:0020H.3       PUBLIC        Sleep
  -------         PROC          MAIN
  -------         DO            
  D:0021H         SYMBOL        i
  D:0006H         SYMBOL        offset
  D:0025H         SYMBOL        DevDescrLen
  D:0029H         SYMBOL        j
  D:002DH         SYMBOL        IntDescrAddr
  D:002FH         SYMBOL        ExtDescrAddr
  D:0031H         SYMBOL        tCount
  -------         ENDDO         
  C:05F2H         LINE#         108
  C:05F2H         LINE#         109
  C:05F2H         LINE#         113
  C:05FBH         LINE#         116
  C:0603H         LINE#         118
  C:0605H         LINE#         119
  C:0607H         LINE#         120
  C:0609H         LINE#         121
  C:060BH         LINE#         126
  C:060EH         LINE#         135
  C:0616H         LINE#         136
  C:061CH         LINE#         137
  C:0622H         LINE#         138
  C:0628H         LINE#         139
  C:062EH         LINE#         141
  C:0635H         LINE#         142
  C:0635H         LINE#         143
  C:063BH         LINE#         144
BL51 BANKED LINKER/LOCATER V6.05                                                      07/28/2020  10:41:13  PAGE 10


  C:0641H         LINE#         145
  C:0643H         LINE#         147
  C:0643H         LINE#         148
  C:0649H         LINE#         149
  C:064FH         LINE#         150
  C:064FH         LINE#         152
  C:0657H         LINE#         153
  C:0657H         LINE#         154
  C:065DH         LINE#         155
  C:0665H         LINE#         156
  C:067DH         LINE#         157
  C:069BH         LINE#         158
  C:06C5H         LINE#         159
  C:06E4H         LINE#         160
  C:071BH         LINE#         161
  C:0721H         LINE#         162
  C:072BH         LINE#         163
  C:0736H         LINE#         164
  C:0741H         LINE#         165
  C:074CH         LINE#         166
  C:0757H         LINE#         167
  C:0762H         LINE#         168
  C:076DH         LINE#         169
  C:076DH         LINE#         171
  C:076FH         LINE#         172
  C:0772H         LINE#         174
  C:0779H         LINE#         176
  C:0780H         LINE#         177
  C:0782H         LINE#         183
  C:0789H         LINE#         184
  C:0789H         LINE#         185
  C:078EH         LINE#         186
  C:078EH         LINE#         192
  C:0795H         LINE#         194
  C:0798H         LINE#         197
  C:079AH         LINE#         202
  C:079AH         LINE#         203
  C:079AH         LINE#         204
  C:079DH         LINE#         205
  C:079DH         LINE#         206
  C:07A0H         LINE#         207
  C:07A2H         LINE#         208
  C:07A2H         LINE#         215
  C:07A5H         LINE#         216
  C:07A5H         LINE#         217
  C:07AAH         LINE#         218
  C:07AAH         LINE#         219
  C:07ACH         LINE#         221
  C:07ACH         LINE#         222
  C:07AFH         LINE#         223
  C:07AFH         LINE#         224
  C:07C8H         LINE#         229
  C:07CBH         LINE#         230
  C:07CEH         LINE#         231
  C:07CEH         LINE#         232
  C:07CEH         LINE#         236
  C:07D1H         LINE#         238
BL51 BANKED LINKER/LOCATER V6.05                                                      07/28/2020  10:41:13  PAGE 11


  -------         ENDPROC       MAIN
  -------         PROC          HANDLEVIDEOSTREAMRQTS
  C:0AE5H         LINE#         295
  C:0AE5H         LINE#         296
  C:0AE5H         LINE#         298
  C:0AF9H         LINE#         299
  C:0AF9H         LINE#         300
  C:0B10H         LINE#         301
  C:0B10H         LINE#         302
  C:0B10H         LINE#         303
  C:0B10H         LINE#         304
  C:0B16H         LINE#         305
  C:0B1BH         LINE#         306
  C:0B20H         LINE#         307
  C:0B20H         LINE#         308
  C:0B21H         LINE#         310
  C:0B21H         LINE#         311
  C:0B21H         LINE#         312
  C:0B27H         LINE#         313
  C:0B2CH         LINE#         314
  C:0B31H         LINE#         315
  C:0B31H         LINE#         316
  C:0B32H         LINE#         318
  C:0B32H         LINE#         319
  C:0B32H         LINE#         320
  C:0B32H         LINE#         321
  C:0B32H         LINE#         322
  C:0B32H         LINE#         323
  C:0B38H         LINE#         324
  C:0B3EH         LINE#         325
  C:0B3EH         LINE#         326
  C:0B3FH         LINE#         328
  C:0B3FH         LINE#         329
  C:0B3FH         LINE#         330
  C:0B44H         LINE#         331
  C:0B48H         LINE#         333
  C:0B48H         LINE#         334
  C:0B48H         LINE#         336
  C:0B48H         LINE#         338
  C:0B48H         LINE#         339
  C:0B48H         LINE#         340
  C:0B48H         LINE#         343
  -------         ENDPROC       HANDLEVIDEOSTREAMRQTS
  -------         PROC          SETUPCOMMAND
  -------         DO            
  D:0001H         SYMBOL        dscr_ptr
  D:0005H         SYMBOL        bType
  D:0004H         SYMBOL        bTarget
  -------         ENDDO         
  C:0300H         LINE#         348
  C:0300H         LINE#         349
  C:0300H         LINE#         355
  C:0306H         LINE#         356
  C:0309H         LINE#         357
  C:030EH         LINE#         358
  C:0312H         LINE#         359
  C:0322H         LINE#         360
BL51 BANKED LINKER/LOCATER V6.05                                                      07/28/2020  10:41:13  PAGE 12


  C:0332H         LINE#         361
  C:0342H         LINE#         363
  C:0345H         LINE#         364
  C:0345H         LINE#         365
  C:0348H         LINE#         366
  C:0348H         LINE#         367
  C:034FH         LINE#         368
  C:034FH         LINE#         369
  C:034FH         LINE#         370
  C:0352H         LINE#         371
  C:0352H         LINE#         373
  C:0352H         LINE#         374
  C:0352H         LINE#         375
  C:0352H         LINE#         376
  C:0352H         LINE#         378
  C:0352H         LINE#         382
  C:0358H         LINE#         383
  C:0358H         LINE#         384
  C:038EH         LINE#         385
  C:038EH         LINE#         386
  C:038EH         LINE#         387
  C:0396H         LINE#         388
  C:03ACH         LINE#         389
  C:03ACH         LINE#         390
  C:03ACH         LINE#         391
  C:03B2H         LINE#         392
  C:03B8H         LINE#         393
  C:03BBH         LINE#         394
  C:03BBH         LINE#         395
  C:03C1H         LINE#         396
  C:03C7H         LINE#         397
  C:03CAH         LINE#         398
  C:03CAH         LINE#         399
  C:03D0H         LINE#         400
  C:03D6H         LINE#         401
  C:03D9H         LINE#         402
  C:03D9H         LINE#         403
  C:03DFH         LINE#         404
  C:03E5H         LINE#         405
  C:03E8H         LINE#         406
  C:03E8H         LINE#         407
  C:03FBH         LINE#         408
  C:03FBH         LINE#         410
  C:0400H         LINE#         411
  C:0405H         LINE#         412
  C:0408H         LINE#         414
  C:040FH         LINE#         415
  C:0412H         LINE#         416
  C:0412H         LINE#         417
  C:0419H         LINE#         418
  C:0419H         LINE#         419
  C:041CH         LINE#         420
  C:041CH         LINE#         421
  C:041FH         LINE#         422
  C:0422H         LINE#         423
  C:0422H         LINE#         424
  C:0425H         LINE#         425
BL51 BANKED LINKER/LOCATER V6.05                                                      07/28/2020  10:41:13  PAGE 13


  C:0428H         LINE#         426
  C:0428H         LINE#         427
  C:042BH         LINE#         428
  C:042EH         LINE#         429
  C:042EH         LINE#         430
  C:0431H         LINE#         431
  C:0434H         LINE#         432
  C:0434H         LINE#         433
  C:043CH         LINE#         434
  C:044EH         LINE#         435
  C:044EH         LINE#         436
  C:044EH         LINE#         437
  C:045FH         LINE#         438
  C:0462H         LINE#         439
  C:0466H         LINE#         440
  C:046CH         LINE#         441
  C:046FH         LINE#         442
  C:046FH         LINE#         443
  C:0474H         LINE#         444
  C:0476H         LINE#         445
  C:047AH         LINE#         446
  C:0480H         LINE#         447
  C:0483H         LINE#         448
  C:0483H         LINE#         449
  C:04C3H         LINE#         450
  C:04C6H         LINE#         451
  C:04CAH         LINE#         452
  C:04D0H         LINE#         453
  C:04D3H         LINE#         454
  C:04D3H         LINE#         455
  C:04DAH         LINE#         456
  C:04DAH         LINE#         457
  C:04DDH         LINE#         458
  C:04DDH         LINE#         459
  C:04E5H         LINE#         460
  C:04F4H         LINE#         461
  C:04F4H         LINE#         462
  C:04F4H         LINE#         463
  C:04FBH         LINE#         464
  C:0500H         LINE#         466
  C:0507H         LINE#         467
  C:050AH         LINE#         468
  C:050AH         LINE#         469
  C:0510H         LINE#         470
  C:0510H         LINE#         471
  C:054DH         LINE#         472
  C:0566H         LINE#         473
  C:0569H         LINE#         475
  C:0570H         LINE#         476
  C:0572H         LINE#         477
  C:0572H         LINE#         478
  C:0572H         LINE#         479
  C:0572H         LINE#         480
  C:0577H         LINE#         481
  C:0583H         LINE#         482
  C:0583H         LINE#         483
  C:0583H         LINE#         484
BL51 BANKED LINKER/LOCATER V6.05                                                      07/28/2020  10:41:13  PAGE 14


  C:058AH         LINE#         485
  C:058EH         LINE#         486
  C:0596H         LINE#         492
  C:0596H         LINE#         494
  C:059DH         LINE#         495
  C:059FH         LINE#         496
  C:059FH         LINE#         497
  C:05DCH         LINE#         498
  C:05DEH         LINE#         499
  C:05DEH         LINE#         500
  C:05DEH         LINE#         501
  C:05DEH         LINE#         502
  C:05E3H         LINE#         503
  C:05EAH         LINE#         504
  C:05EAH         LINE#         505
  C:05EAH         LINE#         507
  C:05F1H         LINE#         508
  -------         ENDPROC       SETUPCOMMAND
  -------         PROC          RESUME_ISR
  C:08FAH         LINE#         511
  C:08FAH         LINE#         513
  C:08FDH         LINE#         514
  -------         ENDPROC       RESUME_ISR
  -------         ENDMOD        FW

  -------         MODULE        DSCR
  C:0100H         PUBLIC        DEVICEDSCR
  C:0112H         PUBLIC        DEVICEQUALDSCR
  C:01EAH         PUBLIC        FULLSPEEDCONFIGDSCR
  C:011CH         PUBLIC        HIGHSPEEDCONFIGDSCR
  C:01FCH         PUBLIC        STRINGDSCR
  C:028CH         PUBLIC        USERDSCR
  N:0022H         SYMBOL        CS_CONFIGURATION
  N:0021H         SYMBOL        CS_DEVICE
  N:0025H         SYMBOL        CS_ENDPOINT
  N:0024H         SYMBOL        CS_INTERFACE
  N:0023H         SYMBOL        CS_STRING
  N:0020H         SYMBOL        CS_UNDEFINED
  N:0004H         SYMBOL        CY_USB_INTRFC_DESCR
  N:0002H         SYMBOL        DSCR_CONFIG
  N:0009H         SYMBOL        DSCR_CONFIG_LEN
  N:0001H         SYMBOL        DSCR_DEVICE
  N:0012H         SYMBOL        DSCR_DEVICE_LEN
  N:0006H         SYMBOL        DSCR_DEVQUAL
  N:000AH         SYMBOL        DSCR_DEVQUAL_LEN
  N:0005H         SYMBOL        DSCR_ENDPNT
  N:0007H         SYMBOL        DSCR_ENDPNT_LEN
  N:0004H         SYMBOL        DSCR_INTRFC
  N:0008H         SYMBOL        DSCR_INTRFC_LEN
  N:0003H         SYMBOL        DSCR_STRING
  N:0082H         SYMBOL        EP_BULK_VIDEO
  N:0088H         SYMBOL        EP_INT_VIDEO
  N:0002H         SYMBOL        ET_BULK
  N:0000H         SYMBOL        ET_CONTROL
  N:0003H         SYMBOL        ET_INT
  N:0001H         SYMBOL        ET_ISO
  C:01FCH         SYMBOL        FULLSPEEDCONFIGDSCREND
BL51 BANKED LINKER/LOCATER V6.05                                                      07/28/2020  10:41:13  PAGE 15


  C:01EAH         SYMBOL        HIGHSPEEDCONFIGDSCREND
  N:0000H         SYMBOL        SC_UNDEFINED
  N:0001H         SYMBOL        SC_VIDEOCONTROL
  N:0002H         SYMBOL        SC_VIDEOSTREAMING
  C:01FCH         SYMBOL        STRINGDSCR0
  C:0200H         SYMBOL        STRINGDSCR0END
  C:0200H         SYMBOL        STRINGDSCR1
  C:0210H         SYMBOL        STRINGDSCR1END
  C:0210H         SYMBOL        STRINGDSCR2
  C:028CH         SYMBOL        STRINGDSCR2END
  N:0000H         SYMBOL        VC_DESCRIPTOR_UNDEFINED
  N:0006H         SYMBOL        VC_EXTENSION_UNIT
  N:0001H         SYMBOL        VC_HEADER
  N:0002H         SYMBOL        VC_INPUT_TERMINAL
  N:0003H         SYMBOL        VC_OUTPUT_TERMINAL
  N:0005H         SYMBOL        VC_PROCESSING_UNIT
  N:0004H         SYMBOL        VC_SELECTOR_UNIT
  -------         ENDMOD        DSCR

  -------         MODULE        SLAVE
  C:0000H         SYMBOL        _ICE_DUMMY_
  C:0EB2H         PUBLIC        ISR_Errorlimit
  X:8000H         PUBLIC        LED0_ON
  X:9000H         PUBLIC        LED1_ON
  X:A000H         PUBLIC        LED2_ON
  X:B000H         PUBLIC        LED3_ON
  C:0C6CH         PUBLIC        DR_SetConfiguration
  D:003FH         PUBLIC        AlternateSetting
  C:0EA3H         PUBLIC        ISR_Ep0in
  D:0040H         PUBLIC        wn_33ms
  C:0EA5H         PUBLIC        ISR_Ep1in
  C:09B8H         PUBLIC        TD_Init
  C:0EA4H         PUBLIC        ISR_Ep0out
  C:0EA6H         PUBLIC        ISR_Ep1out
  X:1A22H         PUBLIC        ledX_rdvar
  C:07D4H         PUBLIC        TD_Poll
  C:0EC3H         PUBLIC        ISR_GpifComplete
  C:0E99H         PUBLIC        DR_GetStatus
  C:0EACH         PUBLIC        ISR_Ep0pingnak
  C:0EADH         PUBLIC        ISR_Ep1pingnak
  C:0EC4H         PUBLIC        ISR_GpifWaveform
  C:0EB3H         PUBLIC        ISR_Ep2piderror
  C:0EAEH         PUBLIC        ISR_Ep2pingnak
  C:0EB4H         PUBLIC        ISR_Ep4piderror
  C:0EAFH         PUBLIC        ISR_Ep4pingnak
  C:0EB5H         PUBLIC        ISR_Ep6piderror
  C:0EB0H         PUBLIC        ISR_Ep6pingnak
  C:0EB6H         PUBLIC        ISR_Ep8piderror
  C:0EB1H         PUBLIC        ISR_Ep8pingnak
  D:0091H         PUBLIC        EXIF
  C:0E71H         PUBLIC        DR_GetInterface
  C:0E9BH         PUBLIC        DR_ClearFeature
  X:1A23H         PUBLIC        LED_State
  C:0EBBH         PUBLIC        ISR_Ep2eflag
  C:0EBFH         PUBLIC        ISR_Ep2fflag
  C:0EBCH         PUBLIC        ISR_Ep4eflag
  C:0E8DH         PUBLIC        DR_SetInterface
BL51 BANKED LINKER/LOCATER V6.05                                                      07/28/2020  10:41:13  PAGE 16


  C:0EC0H         PUBLIC        ISR_Ep4fflag
  C:0EBDH         PUBLIC        ISR_Ep6eflag
  X:1A24H         SYMBOL        LED_Status
  C:0EC1H         PUBLIC        ISR_Ep6fflag
  C:0E97H         PUBLIC        DR_GetDescriptor
  C:0EBEH         PUBLIC        ISR_Ep8eflag
  C:0EC2H         PUBLIC        ISR_Ep8fflag
  X:8100H         PUBLIC        LED0_OFF
  X:1A25H         SYMBOL        LED_Count
  X:9100H         PUBLIC        LED1_OFF
  X:A100H         PUBLIC        LED2_OFF
  X:B100H         PUBLIC        LED3_OFF
  C:0EB7H         PUBLIC        ISR_Ep2pflag
  B:00B0H.2       PUBLIC        PD2
  C:0EB8H         PUBLIC        ISR_Ep4pflag
  C:0EB9H         PUBLIC        ISR_Ep6pflag
  C:0EBAH         PUBLIC        ISR_Ep8pflag
  D:0042H         PUBLIC        BCH
  B:0020H.5       PUBLIC        done_frm_fpga
  D:00ABH         PUBLIC        EP24FIFOFLGS
  C:0B98H         PUBLIC        _LED_Off
  C:0E19H         PUBLIC        ISR_Sudav
  D:00B5H         PUBLIC        OED
  C:08FEH         PUBLIC        TD_Suspend
  D:0043H         PUBLIC        Configuration
  C:0EA1H         PUBLIC        ISR_Ep0ack
  C:0CDEH         PUBLIC        ISR_Highspeed
  C:0E49H         PUBLIC        ISR_Sutok
  C:0EABH         PUBLIC        ISR_Ibn
  C:0EA7H         PUBLIC        ISR_Ep2inout
  C:0EA8H         PUBLIC        ISR_Ep4inout
  C:0E9FH         PUBLIC        DR_VendorCmnd
  C:0E95H         PUBLIC        TD_Resume
  C:0EA9H         PUBLIC        ISR_Ep6inout
  C:0EA2H         PUBLIC        ISR_Stub
  C:0EAAH         PUBLIC        ISR_Ep8inout
  C:0CA7H         PUBLIC        ISR_Ures
  C:0BDFH         PUBLIC        _LED_On
  C:0E9DH         PUBLIC        DR_SetFeature
  C:0D15H         PUBLIC        ISR_Sof
  C:0E5FH         PUBLIC        DR_GetConfiguration
  C:0E31H         PUBLIC        ISR_Susp
  -------         PROC          TD_INIT
  C:09B8H         LINE#         80
  C:09B8H         LINE#         81
  C:09B8H         LINE#         83
  C:09BEH         LINE#         86
  C:09C5H         LINE#         113
  C:09C8H         LINE#         114
  C:09CEH         LINE#         116
  C:09D1H         LINE#         117
  C:09D6H         LINE#         118
  C:09D9H         LINE#         119
  C:09DDH         LINE#         120
  C:09E0H         LINE#         121
  C:09E4H         LINE#         136
  C:09E8H         LINE#         138
BL51 BANKED LINKER/LOCATER V6.05                                                      07/28/2020  10:41:13  PAGE 17


  C:09EBH         LINE#         139
  C:09EFH         LINE#         140
  C:09F2H         LINE#         141
  C:09F6H         LINE#         142
  C:09F9H         LINE#         143
  C:09FDH         LINE#         144
  C:0A00H         LINE#         147
  C:0A07H         LINE#         148
  C:0A0AH         LINE#         149
  C:0A0FH         LINE#         151
  C:0A12H         LINE#         161
  C:0A16H         LINE#         162
  C:0A19H         LINE#         163
  C:0A1DH         LINE#         164
  C:0A20H         LINE#         167
  C:0A23H         LINE#         168
  C:0A29H         LINE#         169
  C:0A2CH         LINE#         170
  C:0A2FH         LINE#         171
  C:0A32H         LINE#         172
  C:0A35H         LINE#         173
  C:0A38H         LINE#         174
  C:0A3BH         LINE#         175
  C:0A3EH         LINE#         176
  C:0A41H         LINE#         177
  C:0A44H         LINE#         178
  C:0A46H         LINE#         179
  C:0A49H         LINE#         184
  C:0A50H         LINE#         185
  C:0A53H         LINE#         187
  C:0A56H         LINE#         188
  C:0A58H         LINE#         191
  -------         ENDPROC       TD_INIT
  -------         PROC          TD_POLL
  -------         DO            
  D:0037H         SYMBOL        wn
  D:003BH         SYMBOL        nan
  B:0020H.4       SYMBOL        flag
  D:0035H         SYMBOL        i
  -------         ENDDO         
  C:07D4H         LINE#         195
  C:07D4H         LINE#         196
  C:07D4H         LINE#         200
  C:07D9H         LINE#         202
  C:07EEH         LINE#         203
  C:0808H         LINE#         205
  C:0808H         LINE#         208
  C:0808H         LINE#         209
  C:0808H         LINE#         210
  C:0808H         LINE#         211
  C:080DH         LINE#         212
  C:080DH         LINE#         214
  C:080DH         LINE#         219
  C:080FH         LINE#         222
  C:0815H         LINE#         225
  C:0819H         LINE#         226
  C:0819H         LINE#         227
BL51 BANKED LINKER/LOCATER V6.05                                                      07/28/2020  10:41:13  PAGE 18


  C:0819H         LINE#         229
  C:0819H         LINE#         232
  C:081CH         LINE#         236
  C:081CH         LINE#         237
  C:0822H         LINE#         238
  C:0826H         LINE#         239
  C:0828H         LINE#         240
  C:082AH         LINE#         241
  C:0831H         LINE#         242
  C:0841H         LINE#         243
  C:0853H         LINE#         244
  C:0865H         LINE#         245
  C:0869H         LINE#         246
  C:086DH         LINE#         249
  C:0870H         LINE#         250
  C:0876H         LINE#         251
  C:0876H         LINE#         254
  C:0890H         LINE#         255
  C:089DH         LINE#         256
  C:08AAH         LINE#         257
  C:08B7H         LINE#         260
  C:08C5H         LINE#         264
  C:08DEH         LINE#         265
  C:08E1H         LINE#         266
  C:08E7H         LINE#         267
  C:08EAH         LINE#         268
  C:08F0H         LINE#         269
  C:08F3H         LINE#         270
  C:08F9H         LINE#         273
  C:08F9H         LINE#         274
  C:08F9H         LINE#         276
  -------         ENDPROC       TD_POLL
  -------         PROC          TD_SUSPEND
  C:08FEH         LINE#         278
  C:08FEH         LINE#         279
  C:08FEH         LINE#         280
  C:08FFH         LINE#         281
  -------         ENDPROC       TD_SUSPEND
  -------         PROC          TD_RESUME
  C:0E95H         LINE#         283
  C:0E95H         LINE#         284
  C:0E95H         LINE#         285
  C:0E96H         LINE#         286
  -------         ENDPROC       TD_RESUME
  -------         PROC          DR_GETDESCRIPTOR
  C:0E97H         LINE#         292
  C:0E97H         LINE#         293
  C:0E97H         LINE#         294
  C:0E98H         LINE#         295
  -------         ENDPROC       DR_GETDESCRIPTOR
  -------         PROC          DR_SETCONFIGURATION
  C:0C6CH         LINE#         297
  C:0C6CH         LINE#         298
  C:0C6CH         LINE#         300
  C:0C73H         LINE#         301
  C:0C73H         LINE#         303
  C:0C79H         LINE#         304
BL51 BANKED LINKER/LOCATER V6.05                                                      07/28/2020  10:41:13  PAGE 19


  C:0C7CH         LINE#         305
  C:0C81H         LINE#         307
  C:0C83H         LINE#         309
  C:0C83H         LINE#         310
  C:0C88H         LINE#         311
  C:0C8BH         LINE#         312
  C:0C8FH         LINE#         313
  C:0C92H         LINE#         314
  C:0C98H         LINE#         315
  C:0C9BH         LINE#         316
  C:0C9FH         LINE#         317
  C:0C9FH         LINE#         319
  C:0CA5H         LINE#         320
  C:0CA6H         LINE#         321
  -------         ENDPROC       DR_SETCONFIGURATION
  -------         PROC          DR_GETCONFIGURATION
  C:0E5FH         LINE#         323
  C:0E5FH         LINE#         324
  C:0E5FH         LINE#         325
  C:0E65H         LINE#         326
  C:0E6AH         LINE#         327
  C:0E6FH         LINE#         328
  C:0E70H         LINE#         329
  -------         ENDPROC       DR_GETCONFIGURATION
  -------         PROC          DR_SETINTERFACE
  C:0E8DH         LINE#         331
  C:0E8DH         LINE#         332
  C:0E8DH         LINE#         333
  C:0E93H         LINE#         334
  C:0E94H         LINE#         335
  -------         ENDPROC       DR_SETINTERFACE
  -------         PROC          DR_GETINTERFACE
  C:0E71H         LINE#         337
  C:0E71H         LINE#         338
  C:0E71H         LINE#         339
  C:0E77H         LINE#         340
  C:0E7CH         LINE#         341
  C:0E81H         LINE#         342
  C:0E82H         LINE#         343
  -------         ENDPROC       DR_GETINTERFACE
  -------         PROC          DR_GETSTATUS
  C:0E99H         LINE#         345
  C:0E99H         LINE#         346
  C:0E99H         LINE#         347
  C:0E9AH         LINE#         348
  -------         ENDPROC       DR_GETSTATUS
  -------         PROC          DR_CLEARFEATURE
  C:0E9BH         LINE#         350
  C:0E9BH         LINE#         351
  C:0E9BH         LINE#         352
  C:0E9CH         LINE#         353
  -------         ENDPROC       DR_CLEARFEATURE
  -------         PROC          DR_SETFEATURE
  C:0E9DH         LINE#         355
  C:0E9DH         LINE#         356
  C:0E9DH         LINE#         357
  C:0E9EH         LINE#         358
BL51 BANKED LINKER/LOCATER V6.05                                                      07/28/2020  10:41:13  PAGE 20


  -------         ENDPROC       DR_SETFEATURE
  -------         PROC          DR_VENDORCMND
  C:0E9FH         LINE#         360
  C:0E9FH         LINE#         361
  C:0E9FH         LINE#         362
  C:0EA0H         LINE#         363
  -------         ENDPROC       DR_VENDORCMND
  -------         PROC          ISR_SUDAV
  C:0E19H         LINE#         371
  C:0E1FH         LINE#         373
  C:0E21H         LINE#         374
  C:0E24H         LINE#         375
  C:0E2AH         LINE#         376
  -------         ENDPROC       ISR_SUDAV
  -------         PROC          ISR_SUTOK
  C:0E49H         LINE#         379
  C:0E4FH         LINE#         381
  C:0E52H         LINE#         382
  C:0E58H         LINE#         383
  -------         ENDPROC       ISR_SUTOK
  -------         PROC          ISR_SOF
  C:0D15H         LINE#         385
  C:0D1DH         LINE#         387
  C:0D32H         LINE#         388
  C:0D38H         LINE#         389
  C:0D3BH         LINE#         390
  C:0D41H         LINE#         391
  -------         ENDPROC       ISR_SOF
  -------         PROC          ISR_URES
  C:0CA7H         LINE#         393
  C:0CADH         LINE#         395
  C:0CB4H         LINE#         396
  C:0CB4H         LINE#         397
  C:0CBAH         LINE#         398
  C:0CC0H         LINE#         399
  C:0CC2H         LINE#         401
  C:0CC2H         LINE#         402
  C:0CC8H         LINE#         403
  C:0CCEH         LINE#         404
  C:0CCEH         LINE#         406
  C:0CD1H         LINE#         407
  C:0CD7H         LINE#         408
  -------         ENDPROC       ISR_URES
  -------         PROC          ISR_SUSP
  C:0E31H         LINE#         410
  C:0E37H         LINE#         412
  C:0E39H         LINE#         413
  C:0E3CH         LINE#         414
  C:0E42H         LINE#         415
  -------         ENDPROC       ISR_SUSP
  -------         PROC          ISR_HIGHSPEED
  C:0CDEH         LINE#         417
  C:0CE4H         LINE#         419
  C:0CEBH         LINE#         420
  C:0CEBH         LINE#         421
  C:0CF1H         LINE#         422
  C:0CF7H         LINE#         423
BL51 BANKED LINKER/LOCATER V6.05                                                      07/28/2020  10:41:13  PAGE 21


  C:0CF9H         LINE#         425
  C:0CF9H         LINE#         426
  C:0CFFH         LINE#         427
  C:0D05H         LINE#         428
  C:0D05H         LINE#         430
  C:0D08H         LINE#         431
  C:0D0EH         LINE#         432
  -------         ENDPROC       ISR_HIGHSPEED
  -------         PROC          ISR_EP0ACK
  C:0EA1H         LINE#         433
  C:0EA1H         LINE#         435
  -------         ENDPROC       ISR_EP0ACK
  -------         PROC          ISR_STUB
  C:0EA2H         LINE#         436
  C:0EA2H         LINE#         438
  -------         ENDPROC       ISR_STUB
  -------         PROC          ISR_EP0IN
  C:0EA3H         LINE#         439
  C:0EA3H         LINE#         441
  -------         ENDPROC       ISR_EP0IN
  -------         PROC          ISR_EP0OUT
  C:0EA4H         LINE#         442
  C:0EA4H         LINE#         444
  -------         ENDPROC       ISR_EP0OUT
  -------         PROC          ISR_EP1IN
  C:0EA5H         LINE#         445
  C:0EA5H         LINE#         447
  -------         ENDPROC       ISR_EP1IN
  -------         PROC          ISR_EP1OUT
  C:0EA6H         LINE#         448
  C:0EA6H         LINE#         450
  -------         ENDPROC       ISR_EP1OUT
  -------         PROC          ISR_EP2INOUT
  C:0EA7H         LINE#         451
  C:0EA7H         LINE#         453
  -------         ENDPROC       ISR_EP2INOUT
  -------         PROC          ISR_EP4INOUT
  C:0EA8H         LINE#         454
  C:0EA8H         LINE#         456
  -------         ENDPROC       ISR_EP4INOUT
  -------         PROC          ISR_EP6INOUT
  C:0EA9H         LINE#         457
  C:0EA9H         LINE#         459
  -------         ENDPROC       ISR_EP6INOUT
  -------         PROC          ISR_EP8INOUT
  C:0EAAH         LINE#         460
  C:0EAAH         LINE#         462
  -------         ENDPROC       ISR_EP8INOUT
  -------         PROC          ISR_IBN
  C:0EABH         LINE#         463
  C:0EABH         LINE#         465
  -------         ENDPROC       ISR_IBN
  -------         PROC          ISR_EP0PINGNAK
  C:0EACH         LINE#         466
  C:0EACH         LINE#         468
  -------         ENDPROC       ISR_EP0PINGNAK
  -------         PROC          ISR_EP1PINGNAK
BL51 BANKED LINKER/LOCATER V6.05                                                      07/28/2020  10:41:13  PAGE 22


  C:0EADH         LINE#         469
  C:0EADH         LINE#         471
  -------         ENDPROC       ISR_EP1PINGNAK
  -------         PROC          ISR_EP2PINGNAK
  C:0EAEH         LINE#         472
  C:0EAEH         LINE#         474
  -------         ENDPROC       ISR_EP2PINGNAK
  -------         PROC          ISR_EP4PINGNAK
  C:0EAFH         LINE#         475
  C:0EAFH         LINE#         477
  -------         ENDPROC       ISR_EP4PINGNAK
  -------         PROC          ISR_EP6PINGNAK
  C:0EB0H         LINE#         478
  C:0EB0H         LINE#         480
  -------         ENDPROC       ISR_EP6PINGNAK
  -------         PROC          ISR_EP8PINGNAK
  C:0EB1H         LINE#         481
  C:0EB1H         LINE#         483
  -------         ENDPROC       ISR_EP8PINGNAK
  -------         PROC          ISR_ERRORLIMIT
  C:0EB2H         LINE#         484
  C:0EB2H         LINE#         486
  -------         ENDPROC       ISR_ERRORLIMIT
  -------         PROC          ISR_EP2PIDERROR
  C:0EB3H         LINE#         487
  C:0EB3H         LINE#         489
  -------         ENDPROC       ISR_EP2PIDERROR
  -------         PROC          ISR_EP4PIDERROR
  C:0EB4H         LINE#         490
  C:0EB4H         LINE#         492
  -------         ENDPROC       ISR_EP4PIDERROR
  -------         PROC          ISR_EP6PIDERROR
  C:0EB5H         LINE#         493
  C:0EB5H         LINE#         495
  -------         ENDPROC       ISR_EP6PIDERROR
  -------         PROC          ISR_EP8PIDERROR
  C:0EB6H         LINE#         496
  C:0EB6H         LINE#         498
  -------         ENDPROC       ISR_EP8PIDERROR
  -------         PROC          ISR_EP2PFLAG
  C:0EB7H         LINE#         499
  C:0EB7H         LINE#         501
  -------         ENDPROC       ISR_EP2PFLAG
  -------         PROC          ISR_EP4PFLAG
  C:0EB8H         LINE#         502
  C:0EB8H         LINE#         504
  -------         ENDPROC       ISR_EP4PFLAG
  -------         PROC          ISR_EP6PFLAG
  C:0EB9H         LINE#         505
  C:0EB9H         LINE#         507
  -------         ENDPROC       ISR_EP6PFLAG
  -------         PROC          ISR_EP8PFLAG
  C:0EBAH         LINE#         508
  C:0EBAH         LINE#         510
  -------         ENDPROC       ISR_EP8PFLAG
  -------         PROC          ISR_EP2EFLAG
  C:0EBBH         LINE#         511
BL51 BANKED LINKER/LOCATER V6.05                                                      07/28/2020  10:41:13  PAGE 23


  C:0EBBH         LINE#         513
  -------         ENDPROC       ISR_EP2EFLAG
  -------         PROC          ISR_EP4EFLAG
  C:0EBCH         LINE#         514
  C:0EBCH         LINE#         516
  -------         ENDPROC       ISR_EP4EFLAG
  -------         PROC          ISR_EP6EFLAG
  C:0EBDH         LINE#         517
  C:0EBDH         LINE#         519
  -------         ENDPROC       ISR_EP6EFLAG
  -------         PROC          ISR_EP8EFLAG
  C:0EBEH         LINE#         520
  C:0EBEH         LINE#         522
  -------         ENDPROC       ISR_EP8EFLAG
  -------         PROC          ISR_EP2FFLAG
  C:0EBFH         LINE#         523
  C:0EBFH         LINE#         525
  -------         ENDPROC       ISR_EP2FFLAG
  -------         PROC          ISR_EP4FFLAG
  C:0EC0H         LINE#         526
  C:0EC0H         LINE#         528
  -------         ENDPROC       ISR_EP4FFLAG
  -------         PROC          ISR_EP6FFLAG
  C:0EC1H         LINE#         529
  C:0EC1H         LINE#         531
  -------         ENDPROC       ISR_EP6FFLAG
  -------         PROC          ISR_EP8FFLAG
  C:0EC2H         LINE#         532
  C:0EC2H         LINE#         534
  -------         ENDPROC       ISR_EP8FFLAG
  -------         PROC          ISR_GPIFCOMPLETE
  C:0EC3H         LINE#         535
  C:0EC3H         LINE#         537
  -------         ENDPROC       ISR_GPIFCOMPLETE
  -------         PROC          ISR_GPIFWAVEFORM
  C:0EC4H         LINE#         538
  C:0EC4H         LINE#         540
  -------         ENDPROC       ISR_GPIFWAVEFORM
  -------         PROC          _LED_OFF
  D:0005H         SYMBOL        LED_Mask
  C:0B98H         LINE#         555
  C:0B9AH         LINE#         556
  C:0B9AH         LINE#         557
  C:0B9EH         LINE#         558
  C:0B9EH         LINE#         559
  C:0BA6H         LINE#         560
  C:0BABH         LINE#         561
  C:0BABH         LINE#         562
  C:0BAFH         LINE#         563
  C:0BAFH         LINE#         564
  C:0BB7H         LINE#         565
  C:0BBCH         LINE#         566
  C:0BBCH         LINE#         567
  C:0BC0H         LINE#         568
  C:0BC0H         LINE#         569
  C:0BC8H         LINE#         570
  C:0BCDH         LINE#         571
BL51 BANKED LINKER/LOCATER V6.05                                                      07/28/2020  10:41:13  PAGE 24


  C:0BCDH         LINE#         572
  C:0BD1H         LINE#         573
  C:0BD1H         LINE#         574
  C:0BD9H         LINE#         575
  C:0BDEH         LINE#         576
  C:0BDEH         LINE#         577
  -------         ENDPROC       _LED_OFF
  -------         PROC          _LED_ON
  D:0005H         SYMBOL        LED_Mask
  C:0BDFH         LINE#         579
  C:0BE1H         LINE#         580
  C:0BE1H         LINE#         581
  C:0BE5H         LINE#         582
  C:0BE5H         LINE#         583
  C:0BEDH         LINE#         584
  C:0BF2H         LINE#         585
  C:0BF2H         LINE#         586
  C:0BF6H         LINE#         587
  C:0BF6H         LINE#         588
  C:0BFEH         LINE#         589
  C:0C03H         LINE#         590
  C:0C03H         LINE#         591
  C:0C07H         LINE#         592
  C:0C07H         LINE#         593
  C:0C0FH         LINE#         594
  C:0C14H         LINE#         595
  C:0C14H         LINE#         596
  C:0C18H         LINE#         597
  C:0C18H         LINE#         598
  C:0C20H         LINE#         599
  C:0C25H         LINE#         600
  C:0C25H         LINE#         601
  -------         ENDPROC       _LED_ON
  -------         ENDMOD        SLAVE

  -------         MODULE        RESUME
  C:0000H         SYMBOL        _ICE_DUMMY_
  C:0D79H         PUBLIC        EZUSB_Resume
  -------         PROC          EZUSB_RESUME
  C:0D79H         LINE#         38
  C:0D79H         LINE#         39
  C:0D79H         LINE#         40
  C:0D8FH         LINE#         42
  C:0D8FH         LINE#         43
  C:0D96H         LINE#         44
  C:0D9DH         LINE#         45
  C:0DA4H         LINE#         46
  C:0DA4H         LINE#         47
  -------         ENDPROC       EZUSB_RESUME
  -------         ENDMOD        RESUME

  -------         MODULE        DISCON
  C:0000H         SYMBOL        _ICE_DUMMY_
  D:0091H         PUBLIC        EXIF
  C:0D4AH         PUBLIC        EZUSB_Discon
  -------         PROC          EZUSB_DISCON
  B:0020H.6       SYMBOL        renum
BL51 BANKED LINKER/LOCATER V6.05                                                      07/28/2020  10:41:13  PAGE 25


  C:0D4AH         LINE#         39
  C:0D4AH         LINE#         40
  C:0D4AH         LINE#         42
  C:0D4DH         LINE#         43
  C:0D56H         LINE#         45
  C:0D5DH         LINE#         47
  C:0D64H         LINE#         49
  C:0D6AH         LINE#         50
  C:0D6EH         LINE#         51
  C:0D71H         LINE#         53
  C:0D78H         LINE#         54
  -------         ENDPROC       EZUSB_DISCON
  -------         ENDMOD        DISCON

  -------         MODULE        EZREGS
  C:0000H         SYMBOL        _ICE_DUMMY_
  X:E652H         PUBLIC        EP4FIFOIE
  X:E668H         PUBLIC        INTSETUP
  X:E600H         PUBLIC        CPUCS
  X:E654H         PUBLIC        EP6FIFOIE
  X:E680H         PUBLIC        USBCS
  X:E65FH         PUBLIC        EPIRQ
  X:E656H         PUBLIC        EP8FIFOIE
  X:E6F2H         PUBLIC        XGPIFSGLDATLNOX
  X:E6C0H         PUBLIC        GPIFWFSELECT
  X:E6F0H         PUBLIC        XGPIFSGLDATH
  X:E605H         PUBLIC        BREAKPT
  X:E609H         PUBLIC        FIFOPINPOLAR
  X:E640H         PUBLIC        EP2ISOINPKTS
  X:E678H         PUBLIC        I2CS
  X:E610H         PUBLIC        EP1OUTCFG
  X:E6F9H         PUBLIC        TESTCFG
  X:E641H         PUBLIC        EP4ISOINPKTS
  X:E68AH         PUBLIC        EP0BCH
  X:E661H         PUBLIC        GPIFIRQ
  X:E642H         PUBLIC        EP6ISOINPKTS
  X:E690H         PUBLIC        EP2BCH
  X:E643H         PUBLIC        EP8ISOINPKTS
  X:E694H         PUBLIC        EP4BCH
  X:E68BH         PUBLIC        EP0BCL
  X:E612H         PUBLIC        EP2CFG
  X:E698H         PUBLIC        EP6BCH
  X:E691H         PUBLIC        EP2BCL
  X:E613H         PUBLIC        EP4CFG
  X:E6A7H         PUBLIC        EP2FIFOFLGS
  X:E69CH         PUBLIC        EP8BCH
  X:E695H         PUBLIC        EP4BCL
  X:E628H         PUBLIC        ECCCFG
  X:E614H         PUBLIC        EP6CFG
  X:E6A8H         PUBLIC        EP4FIFOFLGS
  X:E699H         PUBLIC        EP6BCL
  X:E780H         PUBLIC        EP1OUTBUF
  X:E67BH         PUBLIC        XAUTODAT1
  X:E615H         PUBLIC        EP8CFG
  X:E6A9H         PUBLIC        EP6FIFOFLGS
  X:E69DH         PUBLIC        EP8BCL
  X:E67CH         PUBLIC        XAUTODAT2
BL51 BANKED LINKER/LOCATER V6.05                                                      07/28/2020  10:41:13  PAGE 26


  X:E684H         PUBLIC        USBFRAMEH
  X:E6F5H         PUBLIC        GPIFABORT
  X:E6AAH         PUBLIC        EP8FIFOFLGS
  X:E6F8H         PUBLIC        DBUG
  X:E740H         PUBLIC        EP0BUF
  X:E6CBH         PUBLIC        FLOWSTB
  X:E65EH         PUBLIC        EPIE
  X:E685H         PUBLIC        USBFRAMEL
  X:E681H         PUBLIC        SUSPEND
  X:E60CH         PUBLIC        GPIFHOLDAMOUNT
  X:E6D4H         PUBLIC        EP2GPIFTRIG
  X:E6C7H         PUBLIC        FLOWLOGIC
  X:E6DCH         PUBLIC        EP4GPIFTRIG
  X:E604H         PUBLIC        FIFORESET
  X:E6E4H         PUBLIC        EP6GPIFTRIG
  X:E6C2H         PUBLIC        GPIFIDLECTL
  X:E6FAH         PUBLIC        USBTEST
  X:E6B3H         PUBLIC        SUDPTRH
  X:E6ECH         PUBLIC        EP8GPIFTRIG
  X:E6D2H         PUBLIC        EP2GPIFFLGSEL
  X:E611H         PUBLIC        EP1INCFG
  X:E6B4H         PUBLIC        SUDPTRL
  X:E687H         PUBLIC        FNADDR
  X:E6DAH         PUBLIC        EP4GPIFFLGSEL
  X:E6D1H         PUBLIC        GPIFTCB0
  X:E6CDH         PUBLIC        FLOWSTBHPERIOD
  X:E6D0H         PUBLIC        GPIFTCB1
  X:E665H         PUBLIC        CLRERRCNT
  X:E6E2H         PUBLIC        EP6GPIFFLGSEL
  X:E6CFH         PUBLIC        GPIFTCB2
  X:E664H         PUBLIC        ERRCNTLIM
  X:E6CEH         PUBLIC        GPIFTCB3
  X:E6EAH         PUBLIC        EP8GPIFFLGSEL
  X:E660H         PUBLIC        GPIFIE
  X:E67FH         PUBLIC        UDMACRCQUAL
  X:E400H         PUBLIC        GPIF_WAVE_DATA
  X:E6CCH         PUBLIC        FLOWSTBEDGE
  X:E6ABH         PUBLIC        EP2FIFOBCH
  X:E7C0H         PUBLIC        EP1INBUF
  X:E6C6H         PUBLIC        FLOWSTATE
  X:E6ADH         PUBLIC        EP4FIFOBCH
  X:E6CAH         PUBLIC        FLOWHOLDOFF
  X:E618H         PUBLIC        EP2FIFOCFG
  X:E6AFH         PUBLIC        EP6FIFOBCH
  X:E6ACH         PUBLIC        EP2FIFOBCL
  X:E619H         PUBLIC        EP4FIFOCFG
  X:E6B1H         PUBLIC        EP8FIFOBCH
  X:E6AEH         PUBLIC        EP4FIFOBCL
  X:E649H         PUBLIC        OUTPKTEND
  X:E663H         PUBLIC        USBERRIRQ
  X:E61AH         PUBLIC        EP6FIFOCFG
  X:E6B0H         PUBLIC        EP6FIFOBCL
  X:E620H         PUBLIC        EP2AUTOINLENH
  X:E61BH         PUBLIC        EP8FIFOCFG
  X:E6B2H         PUBLIC        EP8FIFOBCL
  X:E68DH         PUBLIC        EP1OUTBC
  X:E622H         PUBLIC        EP4AUTOINLENH
BL51 BANKED LINKER/LOCATER V6.05                                                      07/28/2020  10:41:13  PAGE 27


  X:E666H         PUBLIC        INT2IVEC
  X:E659H         PUBLIC        IBNIRQ
  X:E6FBH         PUBLIC        CT1
  X:E6C4H         PUBLIC        GPIFADRH
  X:E65BH         PUBLIC        NAKIRQ
  X:E624H         PUBLIC        EP6AUTOINLENH
  X:E621H         PUBLIC        EP2AUTOINLENL
  X:E601H         PUBLIC        IFCONFIG
  X:E6FCH         PUBLIC        CT2
  X:E6B5H         PUBLIC        SUDPTRCTL
  X:E667H         PUBLIC        INT4IVEC
  X:E6FDH         PUBLIC        CT3
  X:E67DH         PUBLIC        UDMACRCH
  X:E626H         PUBLIC        EP8AUTOINLENH
  X:E623H         PUBLIC        EP4AUTOINLENL
  X:E6FEH         PUBLIC        CT4
  X:F000H         PUBLIC        EP2FIFOBUF
  X:E6C5H         PUBLIC        GPIFADRL
  X:E625H         PUBLIC        EP6AUTOINLENL
  X:E630H         PUBLIC        EP2FIFOPFH
  X:F400H         PUBLIC        EP4FIFOBUF
  X:E67EH         PUBLIC        UDMACRCL
  X:E627H         PUBLIC        EP8AUTOINLENL
  X:E6D3H         PUBLIC        EP2GPIFPFSTOP
  X:E683H         PUBLIC        TOGCTL
  X:E632H         PUBLIC        EP4FIFOPFH
  X:F800H         PUBLIC        EP6FIFOBUF
  X:E629H         PUBLIC        ECCRESET
  X:E6DBH         PUBLIC        EP4GPIFPFSTOP
  X:E634H         PUBLIC        EP6FIFOPFH
  X:E631H         PUBLIC        EP2FIFOPFL
  X:FC00H         PUBLIC        EP8FIFOBUF
  X:E60BH         PUBLIC        REVCTL
  X:E6E3H         PUBLIC        EP6GPIFPFSTOP
  X:E636H         PUBLIC        EP8FIFOPFH
  X:E633H         PUBLIC        EP4FIFOPFL
  X:E608H         PUBLIC        UART230
  X:E480H         PUBLIC        RES_WAVEDATA_END
  X:E6EBH         PUBLIC        EP8GPIFPFSTOP
  X:E679H         PUBLIC        I2DAT
  X:E635H         PUBLIC        EP6FIFOPFL
  X:E6A1H         PUBLIC        EP1OUTCS
  X:E637H         PUBLIC        EP8FIFOPFL
  X:E65DH         PUBLIC        USBIRQ
  X:E670H         PUBLIC        PORTACFG
  X:E671H         PUBLIC        PORTCCFG
  X:E651H         PUBLIC        EP2FIFOIRQ
  X:E602H         PUBLIC        PINFLAGSAB
  X:E6A0H         PUBLIC        EP0CS
  X:E6F4H         PUBLIC        GPIFREADYSTAT
  X:E6C3H         PUBLIC        GPIFCTLCFG
  X:E672H         PUBLIC        PORTECFG
  X:E653H         PUBLIC        EP4FIFOIRQ
  X:E6C1H         PUBLIC        GPIFIDLECS
  X:E6A3H         PUBLIC        EP2CS
  X:E509H         PUBLIC        GPCR2
  X:E67AH         PUBLIC        I2CTL
BL51 BANKED LINKER/LOCATER V6.05                                                      07/28/2020  10:41:13  PAGE 28


  X:E655H         PUBLIC        EP6FIFOIRQ
  X:E603H         PUBLIC        PINFLAGSCD
  X:E6A4H         PUBLIC        EP4CS
  X:E648H         PUBLIC        INPKTEND
  X:E657H         PUBLIC        EP8FIFOIRQ
  X:E6A5H         PUBLIC        EP6CS
  X:E6A6H         PUBLIC        EP8CS
  X:E68FH         PUBLIC        EP1INBC
  X:E662H         PUBLIC        USBERRIE
  X:E6C8H         PUBLIC        FLOWEQ0CTL
  X:E6C9H         PUBLIC        FLOWEQ1CTL
  X:E682H         PUBLIC        WAKEUPCS
  X:E6F1H         PUBLIC        XGPIFSGLDATLX
  X:E658H         PUBLIC        IBNIE
  X:E686H         PUBLIC        MICROFRAME
  X:E65AH         PUBLIC        NAKIE
  X:E6B8H         PUBLIC        SETUPDAT
  X:E62AH         PUBLIC        ECC1B0
  X:E62DH         PUBLIC        ECC2B0
  X:E62BH         PUBLIC        ECC1B1
  X:E6F3H         PUBLIC        GPIFREADYCFG
  X:E62EH         PUBLIC        ECC2B1
  X:E62CH         PUBLIC        ECC1B2
  X:E62FH         PUBLIC        ECC2B2
  X:E6A2H         PUBLIC        EP1INCS
  X:E606H         PUBLIC        BPADDRH
  X:E65CH         PUBLIC        USBIE
  X:E60AH         PUBLIC        REVID
  X:E607H         PUBLIC        BPADDRL
  X:E650H         PUBLIC        EP2FIFOIE
  -------         ENDMOD        EZREGS

  -------         MODULE        GET_STRD
  C:0000H         SYMBOL        _ICE_DUMMY_
  C:0DA5H         PUBLIC        _EZUSB_GetStringDscr
  -------         PROC          _EZUSB_GETSTRINGDSCR
  D:0001H         SYMBOL        StrIdx
  -------         DO            
  D:0006H         SYMBOL        dscr
  -------         ENDDO         
  C:0DA5H         LINE#         38
  C:0DA7H         LINE#         39
  C:0DA7H         LINE#         42
  C:0DABH         LINE#         44
  C:0DB5H         LINE#         45
  C:0DB5H         LINE#         46
  C:0DBBH         LINE#         47
  C:0DBCH         LINE#         48
  C:0DCAH         LINE#         49
  C:0DCCH         LINE#         51
  C:0DCFH         LINE#         52
  -------         ENDPROC       _EZUSB_GETSTRINGDSCR
  -------         ENDMOD        GET_STRD

  -------         MODULE        SUSP
  C:0DD0H         SEGMENT       EZUSB
  C:0DD0H         PUBLIC        EZUSB_SUSP
BL51 BANKED LINKER/LOCATER V6.05                                                      07/28/2020  10:41:13  PAGE 29


  B:00D0H.6       SYMBOL        AC
  D:00E0H         SYMBOL        ACC
  D:009AH         SYMBOL        APTR1H
  D:009BH         SYMBOL        APTR1L
  D:009AH         SYMBOL        AUTOPTR1H
  D:009BH         SYMBOL        AUTOPTR1L
  D:009AH         SYMBOL        AUTOPTRH1
  D:009DH         SYMBOL        AUTOPTRH2
  D:009BH         SYMBOL        AUTOPTRL1
  D:009EH         SYMBOL        AUTOPTRL2
  D:00AFH         SYMBOL        AUTOPTRSETUP
  D:00F0H         SYMBOL        B
  X:E606H         SYMBOL        BPADDRH
  X:E607H         SYMBOL        BPADDRL
  X:E605H         SYMBOL        BREAKPT
  D:008EH         SYMBOL        CKCON
  X:E665H         SYMBOL        CLRERRCNT
  X:E600H         SYMBOL        CPUCS
  B:00C8H.0       SYMBOL        CP_RL2
  X:E6FBH         SYMBOL        CT1
  X:E6FCH         SYMBOL        CT2
  X:E6FDH         SYMBOL        CT3
  X:E6FEH         SYMBOL        CT4
  B:00D0H.7       SYMBOL        CY
  B:00C8H.1       SYMBOL        C_T2
  X:E6F8H         SYMBOL        DBUG
  D:0083H         SYMBOL        DPH
  D:0085H         SYMBOL        DPH1
  D:0082H         SYMBOL        DPL
  D:0084H         SYMBOL        DPL1
  D:0086H         SYMBOL        DPS
  B:00A8H.7       SYMBOL        EA
  X:E62AH         SYMBOL        ECC1B0
  X:E62BH         SYMBOL        ECC1B1
  X:E62CH         SYMBOL        ECC1B2
  X:E62DH         SYMBOL        ECC2B0
  X:E62EH         SYMBOL        ECC2B1
  X:E62FH         SYMBOL        ECC2B2
  X:E628H         SYMBOL        ECCCFG
  X:E629H         SYMBOL        ECCRESET
  B:00E8H.1       SYMBOL        EI2C
  D:00D8H         SYMBOL        EICON
  D:00E8H         SYMBOL        EIE
  B:00E8H.2       SYMBOL        EIEX4
  B:00E8H.3       SYMBOL        EIEX5
  B:00E8H.4       SYMBOL        EIEX6
  D:00F8H         SYMBOL        EIP
  B:00F8H.2       SYMBOL        EIPX4
  B:00F8H.3       SYMBOL        EIPX5
  B:00F8H.4       SYMBOL        EIPX6
  D:00BAH         SYMBOL        EP01STAT
  X:E68AH         SYMBOL        EP0BCH
  X:E68BH         SYMBOL        EP0BCL
  X:E740H         SYMBOL        EP0BUF
  X:E6A0H         SYMBOL        EP0CS
  X:E780H         SYMBOL        EP10UTBUF
  X:E68FH         SYMBOL        EP1INBC
BL51 BANKED LINKER/LOCATER V6.05                                                      07/28/2020  10:41:13  PAGE 30


  X:E7C0H         SYMBOL        EP1INBUF
  X:E611H         SYMBOL        EP1INCFG
  X:E6A2H         SYMBOL        EP1INCS
  X:E68DH         SYMBOL        EP1OUTBC
  X:E610H         SYMBOL        EP1OUTCFG
  X:E6A1H         SYMBOL        EP1OUTCS
  D:00AAH         SYMBOL        EP2468STAT
  D:00ABH         SYMBOL        EP24FIFOFLGS
  X:E620H         SYMBOL        EP2AUTOINLENH
  X:E621H         SYMBOL        EP2AUTOINLENL
  X:E690H         SYMBOL        EP2BCH
  X:E691H         SYMBOL        EP2BCL
  X:E612H         SYMBOL        EP2CFG
  X:E6A3H         SYMBOL        EP2CS
  X:E6ABH         SYMBOL        EP2FIFOBCH
  X:E6ACH         SYMBOL        EP2FIFOBCL
  X:F000H         SYMBOL        EP2FIFOBUF
  X:E618H         SYMBOL        EP2FIFOCFG
  X:E6A7H         SYMBOL        EP2FIFOFLGS
  X:E650H         SYMBOL        EP2FIFOIE
  X:E651H         SYMBOL        EP2FIFOIRQ
  X:E630H         SYMBOL        EP2FIFOPFH
  X:E631H         SYMBOL        EP2FIFOPFL
  X:E6D2H         SYMBOL        EP2GPIFFLGSEL
  X:E6D3H         SYMBOL        EP2GPIFPFSTOP
  X:E6D0H         SYMBOL        EP2GPIFTCH
  X:E6D1H         SYMBOL        EP2GPIFTCL
  X:E6D4H         SYMBOL        EP2GPIFTRIG
  X:E640H         SYMBOL        EP2ISOINPKTS
  X:E622H         SYMBOL        EP4AUTOINLENH
  X:E623H         SYMBOL        EP4AUTOINLENL
  X:E694H         SYMBOL        EP4BCH
  X:E695H         SYMBOL        EP4BCL
  X:E613H         SYMBOL        EP4CFG
  X:E6A4H         SYMBOL        EP4CS
  X:E6ADH         SYMBOL        EP4FIFOBCH
  X:E6AEH         SYMBOL        EP4FIFOBCL
  X:F400H         SYMBOL        EP4FIFOBUF
  X:E619H         SYMBOL        EP4FIFOCFG
  X:E6A8H         SYMBOL        EP4FIFOFLGS
  X:E652H         SYMBOL        EP4FIFOIE
  X:E653H         SYMBOL        EP4FIFOIRQ
  X:E632H         SYMBOL        EP4FIFOPFH
  X:E633H         SYMBOL        EP4FIFOPFL
  X:E6DAH         SYMBOL        EP4GPIFFLGSEL
  X:E6DBH         SYMBOL        EP4GPIFPFSTOP
  X:E6D0H         SYMBOL        EP4GPIFTCH
  X:E6D1H         SYMBOL        EP4GPIFTCL
  X:E6DCH         SYMBOL        EP4GPIFTRIG
  X:E641H         SYMBOL        EP4ISOINPKTS
  D:00ACH         SYMBOL        EP68FIFOFLGS
  X:E624H         SYMBOL        EP6AUTOINLENH
  X:E625H         SYMBOL        EP6AUTOINLENL
  X:E698H         SYMBOL        EP6BCH
  X:E699H         SYMBOL        EP6BCL
  X:E614H         SYMBOL        EP6CFG
  X:E6A5H         SYMBOL        EP6CS
BL51 BANKED LINKER/LOCATER V6.05                                                      07/28/2020  10:41:13  PAGE 31


  X:E6AFH         SYMBOL        EP6FIFOBCH
  X:E6B0H         SYMBOL        EP6FIFOBCL
  X:F800H         SYMBOL        EP6FIFOBUF
  X:E61AH         SYMBOL        EP6FIFOCFG
  X:E6A9H         SYMBOL        EP6FIFOFLGS
  X:E654H         SYMBOL        EP6FIFOIE
  X:E655H         SYMBOL        EP6FIFOIRQ
  X:E634H         SYMBOL        EP6FIFOPFH
  X:E635H         SYMBOL        EP6FIFOPFL
  X:E6E2H         SYMBOL        EP6GPIFFLGSEL
  X:E6E3H         SYMBOL        EP6GPIFPFSTOP
  X:E6D0H         SYMBOL        EP6GPIFTCH
  X:E6D1H         SYMBOL        EP6GPIFTCL
  X:E6E4H         SYMBOL        EP6GPIFTRIG
  X:E642H         SYMBOL        EP6ISOINPKTS
  X:E626H         SYMBOL        EP8AUTOINLENH
  X:E627H         SYMBOL        EP8AUTOINLENL
  X:E69CH         SYMBOL        EP8BCH
  X:E69DH         SYMBOL        EP8BCL
  X:E615H         SYMBOL        EP8CFG
  X:E6A6H         SYMBOL        EP8CS
  X:E6B1H         SYMBOL        EP8FIFOBCH
  X:E6B2H         SYMBOL        EP8FIFOBCL
  X:FC00H         SYMBOL        EP8FIFOBUF
  X:E61BH         SYMBOL        EP8FIFOCFG
  X:E6AAH         SYMBOL        EP8FIFOFLGS
  X:E656H         SYMBOL        EP8FIFOIE
  X:E657H         SYMBOL        EP8FIFOIRQ
  X:E636H         SYMBOL        EP8FIFOPFH
  X:E637H         SYMBOL        EP8FIFOPFL
  X:E6EAH         SYMBOL        EP8GPIFFLGSEL
  X:E6EBH         SYMBOL        EP8GPIFPFSTOP
  X:E6D0H         SYMBOL        EP8GPIFTCH
  X:E6D1H         SYMBOL        EP8GPIFTCL
  X:E6ECH         SYMBOL        EP8GPIFTRIG
  X:E643H         SYMBOL        EP8ISOINPKTS
  X:E65EH         SYMBOL        EPIE
  X:E65FH         SYMBOL        EPIRQ
  B:00D8H.5       SYMBOL        ERESI
  X:E664H         SYMBOL        ERRCNTLIM
  C:0DE3H         SYMBOL        ER_END
  B:00A8H.4       SYMBOL        ES0
  B:00A8H.6       SYMBOL        ES1
  B:00A8H.1       SYMBOL        ET0
  B:00A8H.3       SYMBOL        ET1
  B:00A8H.5       SYMBOL        ET2
  B:00E8H.0       SYMBOL        EUSB
  B:00A8H.0       SYMBOL        EX0
  B:00A8H.2       SYMBOL        EX1
  B:00C8H.3       SYMBOL        EXEN2
  B:00C8H.6       SYMBOL        EXF2
  D:0091H         SYMBOL        EXIF
  X:E67BH         SYMBOL        EXTAUTODAT1
  X:E67CH         SYMBOL        EXTAUTODAT2
  B:00D0H.5       SYMBOL        F0
  X:E609H         SYMBOL        FIFOPINPOLAR
  X:E604H         SYMBOL        FIFORESET
BL51 BANKED LINKER/LOCATER V6.05                                                      07/28/2020  10:41:13  PAGE 32


  B:00D0H.1       SYMBOL        FL
  X:E6CCH         SYMBOL        FLOWEDGE
  X:E6C8H         SYMBOL        FLOWEQ0CTL
  X:E6C9H         SYMBOL        FLOWEQ1CTL
  X:E6C7H         SYMBOL        FLOWLOGIC
  X:E6C6H         SYMBOL        FLOWSTATE
  X:E6CBH         SYMBOL        FLOWSTB
  X:E6CDH         SYMBOL        FLOWSTBHPERIOD
  X:E687H         SYMBOL        FNADDR
  X:E509H         SYMBOL        GPCR2
  X:E6F5H         SYMBOL        GPIFABORT
  X:E6C4H         SYMBOL        GPIFADRH
  X:E6C5H         SYMBOL        GPIFADRL
  X:E6C3H         SYMBOL        GPIFCTLCFG
  X:E60CH         SYMBOL        GPIFHOLDAMOUNT
  X:E6C1H         SYMBOL        GPIFIDLECS
  X:E6C2H         SYMBOL        GPIFIDLECTL
  X:E660H         SYMBOL        GPIFIE
  X:E661H         SYMBOL        GPIFIRQ
  X:E6F3H         SYMBOL        GPIFREADYCFG
  X:E6F4H         SYMBOL        GPIFREADYSTAT
  D:00BDH         SYMBOL        GPIFSGLDATH
  D:00BFH         SYMBOL        GPIFSGLDATLNOX
  D:00BEH         SYMBOL        GPIFSGLDATLX
  X:E6D1H         SYMBOL        GPIFTCB0
  X:E6D0H         SYMBOL        GPIFTCB1
  X:E6CFH         SYMBOL        GPIFTCB2
  X:E6CEH         SYMBOL        GPIFTCB3
  D:00BBH         SYMBOL        GPIFTRIG
  X:E6C0H         SYMBOL        GPIFWFSELECT
  X:E400H         SYMBOL        GPIF_WAVE_DATA
  X:E678H         SYMBOL        I2CS
[...]
  D:0081H         SYMBOL        SP
  X:E6B5H         SYMBOL        SUDPTRCTL
  X:E6B3H         SYMBOL        SUDPTRH
BL51 BANKED LINKER/LOCATER V6.05                                                      07/28/2020  10:41:13  PAGE 34


  X:E6B4H         SYMBOL        SUDPTRL
  N:0000H         SYMBOL        SUSP
  X:E681H         SYMBOL        SUSPEND
  D:00C8H         SYMBOL        T2CON
  B:0098H.3       SYMBOL        TB8
  B:00C0H.3       SYMBOL        TB81
  B:00C8H.4       SYMBOL        TCLK
  D:0088H         SYMBOL        TCON
  X:E6F9H         SYMBOL        TESTCFG
  B:0088H.5       SYMBOL        TF0
  B:0088H.7       SYMBOL        TF1
  B:00C8H.7       SYMBOL        TF2
  D:008CH         SYMBOL        TH0
  D:008DH         SYMBOL        TH1
  D:00CDH         SYMBOL        TH2
  B:0098H.1       SYMBOL        TI
  B:00C0H.1       SYMBOL        TI1
  D:008AH         SYMBOL        TL0
  D:008BH         SYMBOL        TL1
  D:00CCH         SYMBOL        TL2
  D:0089H         SYMBOL        TMOD
  X:E683H         SYMBOL        TOGCTL
  B:0088H.4       SYMBOL        TR0
  B:0088H.6       SYMBOL        TR1
  B:00C8H.2       SYMBOL        TR2
  X:E608H         SYMBOL        UART230
  X:E67DH         SYMBOL        UDMACRCH
  X:E67EH         SYMBOL        UDMACRCL
  X:E67FH         SYMBOL        UDMACRCQUAL
  X:E680H         SYMBOL        USBCS
  X:E662H         SYMBOL        USBERRIE
  X:E663H         SYMBOL        USBERRIRQ
  X:E684H         SYMBOL        USBFRAMEH
  X:E685H         SYMBOL        USBFRAMEL
  X:E65CH         SYMBOL        USBIE
  X:E65DH         SYMBOL        USBIRQ
  X:E6FAH         SYMBOL        USBTEST
  X:E682H         SYMBOL        WAKEUPCS
  X:E6F0H         SYMBOL        XGPIFSGLDATH
  X:E6F2H         SYMBOL        XGPIFSGLDATLNOX
  X:E6F1H         SYMBOL        XGPIFSGLDATLX
  C:0DD0H         LINE#         22
  C:0DD3H         LINE#         23
  C:0DD4H         LINE#         24
  C:0DD6H         LINE#         25
  C:0DD7H         LINE#         27
  C:0DDAH         LINE#         28
  C:0DDBH         LINE#         30
  C:0DDEH         LINE#         32
  C:0DDFH         LINE#         33
  C:0DE0H         LINE#         34
  C:0DE1H         LINE#         35
  C:0DE2H         LINE#         36
  C:0DE3H         LINE#         37
  -------         ENDMOD        SUSP

  -------         MODULE        DELAY
BL51 BANKED LINKER/LOCATER V6.05                                                      07/28/2020  10:41:13  PAGE 35


  C:0000H         SYMBOL        _ICE_DUMMY_
  C:0C26H         PUBLIC        _EZUSB_Delay
  -------         PROC          _EZUSB_DELAY
  D:0035H         SYMBOL        ms
  C:0C26H         LINE#         39
  C:0C2AH         LINE#         40
  C:0C2AH         LINE#         46
  C:0C32H         LINE#         47
  C:0C44H         LINE#         48
  C:0C4EH         LINE#         49
  C:0C59H         LINE#         51
  C:0C66H         LINE#         52
  C:0C6BH         LINE#         53
  -------         ENDPROC       _EZUSB_DELAY
  -------         ENDMOD        DELAY

  -------         MODULE        DELAY1MS
  C:0DD0H         SEGMENT       EZUSB
  C:0DE4H         PUBLIC        EZUSB_DELAY1MS
  B:00D0H.6       SYMBOL        AC
  D:00E0H         SYMBOL        ACC
  D:009AH         SYMBOL        APTR1H
  D:009BH         SYMBOL        APTR1L
  D:009AH         SYMBOL        AUTOPTR1H
  D:009BH         SYMBOL        AUTOPTR1L
  D:009AH         SYMBOL        AUTOPTRH1
  D:009DH         SYMBOL        AUTOPTRH2
  D:009BH         SYMBOL        AUTOPTRL1
  D:009EH         SYMBOL        AUTOPTRL2
  D:00AFH         SYMBOL        AUTOPTRSETUP
  D:00F0H         SYMBOL        B
  X:E606H         SYMBOL        BPADDRH
  X:E607H         SYMBOL        BPADDRL
  X:E605H         SYMBOL        BREAKPT
  D:008EH         SYMBOL        CKCON
  X:E665H         SYMBOL        CLRERRCNT
  X:E600H         SYMBOL        CPUCS
  B:00C8H.0       SYMBOL        CP_RL2
  X:E6FBH         SYMBOL        CT1
  X:E6FCH         SYMBOL        CT2
  X:E6FDH         SYMBOL        CT3
  X:E6FEH         SYMBOL        CT4
  B:00D0H.7       SYMBOL        CY
  B:00C8H.1       SYMBOL        C_T2
  X:E6F8H         SYMBOL        DBUG
  N:0000H         SYMBOL        DELAY1MS
  D:0083H         SYMBOL        DPH
  D:0085H         SYMBOL        DPH1
  D:0082H         SYMBOL        DPL
  D:0084H         SYMBOL        DPL1
  D:0086H         SYMBOL        DPS
  B:00A8H.7       SYMBOL        EA
  X:E62AH         SYMBOL        ECC1B0
  X:E62BH         SYMBOL        ECC1B1
  X:E62CH         SYMBOL        ECC1B2
  X:E62DH         SYMBOL        ECC2B0
  X:E62EH         SYMBOL        ECC2B1
BL51 BANKED LINKER/LOCATER V6.05                                                      07/28/2020  10:41:13  PAGE 36


  X:E62FH         SYMBOL        ECC2B2
  X:E628H         SYMBOL        ECCCFG
  X:E629H         SYMBOL        ECCRESET
  B:00E8H.1       SYMBOL        EI2C
  D:00D8H         SYMBOL        EICON
  D:00E8H         SYMBOL        EIE
  B:00E8H.2       SYMBOL        EIEX4
  B:00E8H.3       SYMBOL        EIEX5
  B:00E8H.4       SYMBOL        EIEX6
  D:00F8H         SYMBOL        EIP
  B:00F8H.2       SYMBOL        EIPX4
  B:00F8H.3       SYMBOL        EIPX5
  B:00F8H.4       SYMBOL        EIPX6
  D:00BAH         SYMBOL        EP01STAT
  X:E68AH         SYMBOL        EP0BCH
  X:E68BH         SYMBOL        EP0BCL
  X:E740H         SYMBOL        EP0BUF
  X:E6A0H         SYMBOL        EP0CS
  X:E780H         SYMBOL        EP10UTBUF
  X:E68FH         SYMBOL        EP1INBC
  X:E7C0H         SYMBOL        EP1INBUF
  X:E611H         SYMBOL        EP1INCFG
  X:E6A2H         SYMBOL        EP1INCS
  X:E68DH         SYMBOL        EP1OUTBC
  X:E610H         SYMBOL        EP1OUTCFG
  X:E6A1H         SYMBOL        EP1OUTCS
  D:00AAH         SYMBOL        EP2468STAT
  D:00ABH         SYMBOL        EP24FIFOFLGS
  X:E620H         SYMBOL        EP2AUTOINLENH
  X:E621H         SYMBOL        EP2AUTOINLENL
  X:E690H         SYMBOL        EP2BCH
  X:E691H         SYMBOL        EP2BCL
  X:E612H         SYMBOL        EP2CFG
  X:E6A3H         SYMBOL        EP2CS
  X:E6ABH         SYMBOL        EP2FIFOBCH
  X:E6ACH         SYMBOL        EP2FIFOBCL
  X:F000H         SYMBOL        EP2FIFOBUF
  X:E618H         SYMBOL        EP2FIFOCFG
  X:E6A7H         SYMBOL        EP2FIFOFLGS
  X:E650H         SYMBOL        EP2FIFOIE
  X:E651H         SYMBOL        EP2FIFOIRQ
  X:E630H         SYMBOL        EP2FIFOPFH
  X:E631H         SYMBOL        EP2FIFOPFL
  X:E6D2H         SYMBOL        EP2GPIFFLGSEL
  X:E6D3H         SYMBOL        EP2GPIFPFSTOP
  X:E6D0H         SYMBOL        EP2GPIFTCH
  X:E6D1H         SYMBOL        EP2GPIFTCL
  X:E6D4H         SYMBOL        EP2GPIFTRIG
  X:E640H         SYMBOL        EP2ISOINPKTS
  X:E622H         SYMBOL        EP4AUTOINLENH
  X:E623H         SYMBOL        EP4AUTOINLENL
  X:E694H         SYMBOL        EP4BCH
  X:E695H         SYMBOL        EP4BCL
  X:E613H         SYMBOL        EP4CFG
  X:E6A4H         SYMBOL        EP4CS
  X:E6ADH         SYMBOL        EP4FIFOBCH
  X:E6AEH         SYMBOL        EP4FIFOBCL
BL51 BANKED LINKER/LOCATER V6.05                                                      07/28/2020  10:41:13  PAGE 37


  X:F400H         SYMBOL        EP4FIFOBUF
  X:E619H         SYMBOL        EP4FIFOCFG
  X:E6A8H         SYMBOL        EP4FIFOFLGS
  X:E652H         SYMBOL        EP4FIFOIE
  X:E653H         SYMBOL        EP4FIFOIRQ
  X:E632H         SYMBOL        EP4FIFOPFH
  X:E633H         SYMBOL        EP4FIFOPFL
  X:E6DAH         SYMBOL        EP4GPIFFLGSEL
  X:E6DBH         SYMBOL        EP4GPIFPFSTOP
  X:E6D0H         SYMBOL        EP4GPIFTCH
  X:E6D1H         SYMBOL        EP4GPIFTCL
  X:E6DCH         SYMBOL        EP4GPIFTRIG
  X:E641H         SYMBOL        EP4ISOINPKTS
  D:00ACH         SYMBOL        EP68FIFOFLGS
  X:E624H         SYMBOL        EP6AUTOINLENH
  X:E625H         SYMBOL        EP6AUTOINLENL
  X:E698H         SYMBOL        EP6BCH
  X:E699H         SYMBOL        EP6BCL
  X:E614H         SYMBOL        EP6CFG
  X:E6A5H         SYMBOL        EP6CS
  X:E6AFH         SYMBOL        EP6FIFOBCH
  X:E6B0H         SYMBOL        EP6FIFOBCL
  X:F800H         SYMBOL        EP6FIFOBUF
  X:E61AH         SYMBOL        EP6FIFOCFG
  X:E6A9H         SYMBOL        EP6FIFOFLGS
  X:E654H         SYMBOL        EP6FIFOIE
  X:E655H         SYMBOL        EP6FIFOIRQ
  X:E634H         SYMBOL        EP6FIFOPFH
  X:E635H         SYMBOL        EP6FIFOPFL
  X:E6E2H         SYMBOL        EP6GPIFFLGSEL
  X:E6E3H         SYMBOL        EP6GPIFPFSTOP
  X:E6D0H         SYMBOL        EP6GPIFTCH
  X:E6D1H         SYMBOL        EP6GPIFTCL
  X:E6E4H         SYMBOL        EP6GPIFTRIG
  X:E642H         SYMBOL        EP6ISOINPKTS
  X:E626H         SYMBOL        EP8AUTOINLENH
  X:E627H         SYMBOL        EP8AUTOINLENL
  X:E69CH         SYMBOL        EP8BCH
  X:E69DH         SYMBOL        EP8BCL
  X:E615H         SYMBOL        EP8CFG
  X:E6A6H         SYMBOL        EP8CS
  X:E6B1H         SYMBOL        EP8FIFOBCH
  X:E6B2H         SYMBOL        EP8FIFOBCL
  X:FC00H         SYMBOL        EP8FIFOBUF
  X:E61BH         SYMBOL        EP8FIFOCFG
  X:E6AAH         SYMBOL        EP8FIFOFLGS
  X:E656H         SYMBOL        EP8FIFOIE
  X:E657H         SYMBOL        EP8FIFOIRQ
  X:E636H         SYMBOL        EP8FIFOPFH
  X:E637H         SYMBOL        EP8FIFOPFL
  X:E6EAH         SYMBOL        EP8GPIFFLGSEL
  X:E6EBH         SYMBOL        EP8GPIFPFSTOP
  X:E6D0H         SYMBOL        EP8GPIFTCH
  X:E6D1H         SYMBOL        EP8GPIFTCL
  X:E6ECH         SYMBOL        EP8GPIFTRIG
  X:E643H         SYMBOL        EP8ISOINPKTS
  X:E65EH         SYMBOL        EPIE
BL51 BANKED LINKER/LOCATER V6.05                                                      07/28/2020  10:41:13  PAGE 38


  X:E65FH         SYMBOL        EPIRQ
  B:00D8H.5       SYMBOL        ERESI
  X:E664H         SYMBOL        ERRCNTLIM
  C:0DF4H         SYMBOL        ER_END
  B:00A8H.4       SYMBOL        ES0
  B:00A8H.6       SYMBOL        ES1
  B:00A8H.1       SYMBOL        ET0
  B:00A8H.3       SYMBOL        ET1
  B:00A8H.5       SYMBOL        ET2
  B:00E8H.0       SYMBOL        EUSB
  B:00A8H.0       SYMBOL        EX0
  B:00A8H.2       SYMBOL        EX1
  B:00C8H.3       SYMBOL        EXEN2
  B:00C8H.6       SYMBOL        EXF2
  D:0091H         SYMBOL        EXIF
  X:E67BH         SYMBOL        EXTAUTODAT1
  X:E67CH         SYMBOL        EXTAUTODAT2
  B:00D0H.5       SYMBOL        F0
  X:E609H         SYMBOL        FIFOPINPOLAR
  X:E604H         SYMBOL        FIFORESET
  B:00D0H.1       SYMBOL        FL
  X:E6CCH         SYMBOL        FLOWEDGE
  X:E6C8H         SYMBOL        FLOWEQ0CTL
  X:E6C9H         SYMBOL        FLOWEQ1CTL
  X:E6C7H         SYMBOL        FLOWLOGIC
  X:E6C6H         SYMBOL        FLOWSTATE
  X:E6CBH         SYMBOL        FLOWSTB
  X:E6CDH         SYMBOL        FLOWSTBHPERIOD
  X:E687H         SYMBOL        FNADDR
  X:E509H         SYMBOL        GPCR2
  X:E6F5H         SYMBOL        GPIFABORT
  X:E6C4H         SYMBOL        GPIFADRH
  X:E6C5H         SYMBOL        GPIFADRL
  X:E6C3H         SYMBOL        GPIFCTLCFG
  X:E60CH         SYMBOL        GPIFHOLDAMOUNT
  X:E6C1H         SYMBOL        GPIFIDLECS
  X:E6C2H         SYMBOL        GPIFIDLECTL
  X:E660H         SYMBOL        GPIFIE
  X:E661H         SYMBOL        GPIFIRQ
  X:E6F3H         SYMBOL        GPIFREADYCFG
  X:E6F4H         SYMBOL        GPIFREADYSTAT
  D:00BDH         SYMBOL        GPIFSGLDATH
  D:00BFH         SYMBOL        GPIFSGLDATLNOX
  D:00BEH         SYMBOL        GPIFSGLDATLX
  X:E6D1H         SYMBOL        GPIFTCB0
  X:E6D0H         SYMBOL        GPIFTCB1
  X:E6CFH         SYMBOL        GPIFTCB2
  X:E6CEH         SYMBOL        GPIFTCB3
  D:00BBH         SYMBOL        GPIFTRIG
  X:E6C0H         SYMBOL        GPIFWFSELECT
  X:E400H         SYMBOL        GPIF_WAVE_DATA
  X:E678H         SYMBOL        I2CS
  X:E67AH         SYMBOL        I2CTL
  X:E679H         SYMBOL        I2DAT
  X:E658H         SYMBOL        IBNIE
  X:E659H         SYMBOL        IBNIRQ
  D:00A8H         SYMBOL        IE
BL51 BANKED LINKER/LOCATER V6.05                                                      07/28/2020  10:41:13  PAGE 39


  B:0088H.1       SYMBOL        IE0
  B:0088H.3       SYMBOL        IE1
  X:E601H         SYMBOL        IFCONFIG
  X:E648H         SYMBOL        INPKTEND
  D:00A1H         SYMBOL        INT2CLR
  X:E666H         SYMBOL        INT2IVEC
  D:00A2H         SYMBOL        INT4CLR
  X:E667H         SYMBOL        INT4IVEC
  B:00D8H.3       SYMBOL        INT6
  X:E668H         SYMBOL        INTSETUP
  D:0080H         SYMBOL        IOA
  D:0090H         SYMBOL        IOB
  D:00A0H         SYMBOL        IOC
  D:00B0H         SYMBOL        IOD
  D:00B1H         SYMBOL        IOE
  D:00B8H         SYMBOL        IP
  B:0088H.0       SYMBOL        IT0
  B:0088H.2       SYMBOL        IT1
  C:0DEDH         SYMBOL        LOOP
  X:E686H         SYMBOL        MICROFRAME
  D:0092H         SYMBOL        MPAGE
  X:E65AH         SYMBOL        NAKIE
  X:E65BH         SYMBOL        NAKIRQ
  D:00B2H         SYMBOL        OEA
  D:00B3H         SYMBOL        OEB
  D:00B4H         SYMBOL        OEC
  D:00B5H         SYMBOL        OED
  D:00B6H         SYMBOL        OEE
  X:E649H         SYMBOL        OUTPKTEND
  B:00D0H.2       SYMBOL        OV
  B:00D0H.0       SYMBOL        P
  D:0087H         SYMBOL        PCON
  B:00F8H.1       SYMBOL        PI2C
  X:E602H         SYMBOL        PINFLAGSAB
  X:E603H         SYMBOL        PINFLAGSCD
  X:E670H         SYMBOL        PORTACFG
  X:E671H         SYMBOL        PORTCCFG
  X:E672H         SYMBOL        PORTECFG
  B:00B8H.4       SYMBOL        PS0
  B:00B8H.6       SYMBOL        PS1
  D:00D0H         SYMBOL        PSW
  B:00B8H.1       SYMBOL        PT0
  B:00B8H.3       SYMBOL        PT1
  B:00B8H.5       SYMBOL        PT2
  B:00F8H.0       SYMBOL        PUSB
  B:00B8H.0       SYMBOL        PX0
  B:00B8H.2       SYMBOL        PX1
  B:0098H.2       SYMBOL        RB8
  B:00C0H.2       SYMBOL        RB81
  D:00CBH         SYMBOL        RCAP2H
  D:00CAH         SYMBOL        RCAP2L
  B:00C8H.5       SYMBOL        RCLK
  B:0098H.4       SYMBOL        REN
  B:00C0H.4       SYMBOL        REN1
  B:00D8H.4       SYMBOL        RESI
  X:E480H         SYMBOL        RES_WAVEDATA_END
  X:E60BH         SYMBOL        REVCTL
BL51 BANKED LINKER/LOCATER V6.05                                                      07/28/2020  10:41:13  PAGE 40


  X:E60AH         SYMBOL        REVID
  B:0098H.0       SYMBOL        RI
  B:00C0H.0       SYMBOL        RI1
  B:00D0H.3       SYMBOL        RS0
  B:00D0H.4       SYMBOL        RS1
  D:0099H         SYMBOL        SBUF0
  D:00C1H         SYMBOL        SBUF1
  D:0098H         SYMBOL        SCON0
  D:00C0H         SYMBOL        SCON1
  B:0080H.6       SYMBOL        SEL
  X:E6B8H         SYMBOL        SETUPDAT
  B:0098H.7       SYMBOL        SM0
  B:00C0H.7       SYMBOL        SM01
  B:0098H.6       SYMBOL        SM1
  B:00C0H.6       SYMBOL        SM11
  B:0098H.5       SYMBOL        SM2
  B:00C0H.5       SYMBOL        SM21
  B:00D8H.7       SYMBOL        SMOD1
  D:0081H         SYMBOL        SP
  X:E6B5H         SYMBOL        SUDPTRCTL
  X:E6B3H         SYMBOL        SUDPTRH
  X:E6B4H         SYMBOL        SUDPTRL
  X:E681H         SYMBOL        SUSPEND
  D:00C8H         SYMBOL        T2CON
  B:0098H.3       SYMBOL        TB8
  B:00C0H.3       SYMBOL        TB81
  B:00C8H.4       SYMBOL        TCLK
  D:0088H         SYMBOL        TCON
  X:E6F9H         SYMBOL        TESTCFG
  B:0088H.5       SYMBOL        TF0
  B:0088H.7       SYMBOL        TF1
  B:00C8H.7       SYMBOL        TF2
  D:008CH         SYMBOL        TH0
  D:008DH         SYMBOL        TH1
  D:00CDH         SYMBOL        TH2
  B:0098H.1       SYMBOL        TI
  B:00C0H.1       SYMBOL        TI1
  D:008AH         SYMBOL        TL0
  D:008BH         SYMBOL        TL1
  D:00CCH         SYMBOL        TL2
  D:0089H         SYMBOL        TMOD
  X:E683H         SYMBOL        TOGCTL
  B:0088H.4       SYMBOL        TR0
  B:0088H.6       SYMBOL        TR1
  B:00C8H.2       SYMBOL        TR2
  X:E608H         SYMBOL        UART230
  X:E67DH         SYMBOL        UDMACRCH
  X:E67EH         SYMBOL        UDMACRCL
  X:E67FH         SYMBOL        UDMACRCQUAL
  X:E680H         SYMBOL        USBCS
  X:E662H         SYMBOL        USBERRIE
  X:E663H         SYMBOL        USBERRIRQ
  X:E684H         SYMBOL        USBFRAMEH
  X:E685H         SYMBOL        USBFRAMEL
  X:E65CH         SYMBOL        USBIE
  X:E65DH         SYMBOL        USBIRQ
  X:E6FAH         SYMBOL        USBTEST
BL51 BANKED LINKER/LOCATER V6.05                                                      07/28/2020  10:41:13  PAGE 41


  X:E682H         SYMBOL        WAKEUPCS
  X:E6F0H         SYMBOL        XGPIFSGLDATH
  X:E6F2H         SYMBOL        XGPIFSGLDATLNOX
  X:E6F1H         SYMBOL        XGPIFSGLDATLX
  C:0DE4H         LINE#         48
  C:0DE6H         LINE#         49
  C:0DE8H         LINE#         50
  C:0DEBH         LINE#         51
  C:0DEDH         LINE#         53
  C:0DEEH         LINE#         54
  C:0DF0H         LINE#         55
  C:0DF2H         LINE#         56
  C:0DF4H         LINE#         58
  -------         ENDMOD        DELAY1MS

  -------         MODULE        USBJMPTBL
  C:0900H         SEGMENT       ?PR?USB_JUMP_TABLE?USBJT
  N:0045H         PUBLIC        USB_INT2AUTOVECTOR
  N:0055H         PUBLIC        USB_INT4AUTOVECTOR
  C:0900H         PUBLIC        USB_JUMP_TABLE
  N:0000H         SYMBOL        USBJMPTBL
  C:0043H         LINE#         49
  C:0053H         LINE#         53
  C:0900H         LINE#         61
  C:0904H         LINE#         63
  C:0908H         LINE#         65
  C:090CH         LINE#         67
  C:0910H         LINE#         69
  C:0914H         LINE#         71
  C:0918H         LINE#         73
  C:091CH         LINE#         75
  C:0920H         LINE#         77
  C:0924H         LINE#         79
  C:0928H         LINE#         81
  C:092CH         LINE#         83
  C:0930H         LINE#         85
  C:0934H         LINE#         87
  C:0938H         LINE#         89
  C:093CH         LINE#         91
  C:0940H         LINE#         93
  C:0944H         LINE#         95
  C:0948H         LINE#         97
  C:094CH         LINE#         99
  C:0950H         LINE#         101
  C:0954H         LINE#         103
  C:0958H         LINE#         105
  C:095CH         LINE#         107
  C:0960H         LINE#         109
  C:0964H         LINE#         111
  C:0968H         LINE#         113
  C:096CH         LINE#         115
  C:0970H         LINE#         117
  C:0974H         LINE#         119
  C:0978H         LINE#         121
  C:097CH         LINE#         123
  C:0980H         LINE#         126
  C:0984H         LINE#         128
BL51 BANKED LINKER/LOCATER V6.05                                                      07/28/2020  10:41:13  PAGE 42


  C:0988H         LINE#         130
  C:098CH         LINE#         132
  C:0990H         LINE#         134
  C:0994H         LINE#         136
  C:0998H         LINE#         138
  C:099CH         LINE#         140
  C:09A0H         LINE#         142
  C:09A4H         LINE#         144
  C:09A8H         LINE#         146
  C:09ACH         LINE#         148
  C:09B0H         LINE#         150
  C:09B4H         LINE#         152
  -------         ENDMOD        USBJMPTBL

  -------         MODULE        ?C?ULCMP
  C:0DF5H         PUBLIC        ?C?ULCMP
  -------         ENDMOD        ?C?ULCMP

  -------         MODULE        ?C?ULSHR
  C:0E06H         PUBLIC        ?C?ULSHR
  -------         ENDMOD        ?C?ULSHR

*** WARNING L16: UNCALLED SEGMENT, IGNORED FOR OVERLAY PROCESS
    SEGMENT: ?PR?_LED_OFF?SLAVE

*** WARNING L16: UNCALLED SEGMENT, IGNORED FOR OVERLAY PROCESS
    SEGMENT: ?PR?_LED_ON?SLAVE

Program Size: data=66.7 xdata=4520 code=3423
LINK/LOCATE RUN COMPLETE.  2 WARNING(S),  0 ERROR(S)
